Archive member included to satisfy reference by file (symbol)

c:/st/stm32cubeide_1.4.0/stm32cubeide/plugins/com.st.stm32cube.ide.mcu.externaltools.gnu-tools-for-stm32.10.3-2021.10.win32_1.0.0.202111181127/tools/bin/../lib/gcc/arm-none-eabi/10.3.1/../../../../arm-none-eabi/lib/thumb/v8-m.main+fp/hard\libc_nano.a(lib_a-errno.o)
                              ./Core/Src/syscalls.o (__errno)
c:/st/stm32cubeide_1.4.0/stm32cubeide/plugins/com.st.stm32cube.ide.mcu.externaltools.gnu-tools-for-stm32.10.3-2021.10.win32_1.0.0.202111181127/tools/bin/../lib/gcc/arm-none-eabi/10.3.1/../../../../arm-none-eabi/lib/thumb/v8-m.main+fp/hard\libc_nano.a(lib_a-exit.o)
                              c:/st/stm32cubeide_1.4.0/stm32cubeide/plugins/com.st.stm32cube.ide.mcu.externaltools.gnu-tools-for-stm32.10.3-2021.10.win32_1.0.0.202111181127/tools/bin/../lib/gcc/arm-none-eabi/10.3.1/../../../../arm-none-eabi/lib/thumb/v8-m.main+fp/hard/crt0.o (exit)
c:/st/stm32cubeide_1.4.0/stm32cubeide/plugins/com.st.stm32cube.ide.mcu.externaltools.gnu-tools-for-stm32.10.3-2021.10.win32_1.0.0.202111181127/tools/bin/../lib/gcc/arm-none-eabi/10.3.1/../../../../arm-none-eabi/lib/thumb/v8-m.main+fp/hard\libc_nano.a(lib_a-impure.o)
                              c:/st/stm32cubeide_1.4.0/stm32cubeide/plugins/com.st.stm32cube.ide.mcu.externaltools.gnu-tools-for-stm32.10.3-2021.10.win32_1.0.0.202111181127/tools/bin/../lib/gcc/arm-none-eabi/10.3.1/../../../../arm-none-eabi/lib/thumb/v8-m.main+fp/hard\libc_nano.a(lib_a-exit.o) (_global_impure_ptr)
c:/st/stm32cubeide_1.4.0/stm32cubeide/plugins/com.st.stm32cube.ide.mcu.externaltools.gnu-tools-for-stm32.10.3-2021.10.win32_1.0.0.202111181127/tools/bin/../lib/gcc/arm-none-eabi/10.3.1/../../../../arm-none-eabi/lib/thumb/v8-m.main+fp/hard\libc_nano.a(lib_a-init.o)
                              c:/st/stm32cubeide_1.4.0/stm32cubeide/plugins/com.st.stm32cube.ide.mcu.externaltools.gnu-tools-for-stm32.10.3-2021.10.win32_1.0.0.202111181127/tools/bin/../lib/gcc/arm-none-eabi/10.3.1/../../../../arm-none-eabi/lib/thumb/v8-m.main+fp/hard/crt0.o (__libc_init_array)
c:/st/stm32cubeide_1.4.0/stm32cubeide/plugins/com.st.stm32cube.ide.mcu.externaltools.gnu-tools-for-stm32.10.3-2021.10.win32_1.0.0.202111181127/tools/bin/../lib/gcc/arm-none-eabi/10.3.1/../../../../arm-none-eabi/lib/thumb/v8-m.main+fp/hard\libc_nano.a(lib_a-memset.o)
                              c:/st/stm32cubeide_1.4.0/stm32cubeide/plugins/com.st.stm32cube.ide.mcu.externaltools.gnu-tools-for-stm32.10.3-2021.10.win32_1.0.0.202111181127/tools/bin/../lib/gcc/arm-none-eabi/10.3.1/../../../../arm-none-eabi/lib/thumb/v8-m.main+fp/hard/crt0.o (memset)
c:/st/stm32cubeide_1.4.0/stm32cubeide/plugins/com.st.stm32cube.ide.mcu.externaltools.gnu-tools-for-stm32.10.3-2021.10.win32_1.0.0.202111181127/tools/bin/../lib/gcc/arm-none-eabi/10.3.1/../../../../arm-none-eabi/lib/thumb/v8-m.main+fp/hard\libc_nano.a(lib_a-puts.o)
                              ./Core/Src/ISM330DHCX.o (puts)
c:/st/stm32cubeide_1.4.0/stm32cubeide/plugins/com.st.stm32cube.ide.mcu.externaltools.gnu-tools-for-stm32.10.3-2021.10.win32_1.0.0.202111181127/tools/bin/../lib/gcc/arm-none-eabi/10.3.1/../../../../arm-none-eabi/lib/thumb/v8-m.main+fp/hard\libc_nano.a(lib_a-wbuf.o)
                              c:/st/stm32cubeide_1.4.0/stm32cubeide/plugins/com.st.stm32cube.ide.mcu.externaltools.gnu-tools-for-stm32.10.3-2021.10.win32_1.0.0.202111181127/tools/bin/../lib/gcc/arm-none-eabi/10.3.1/../../../../arm-none-eabi/lib/thumb/v8-m.main+fp/hard\libc_nano.a(lib_a-puts.o) (__swbuf_r)
c:/st/stm32cubeide_1.4.0/stm32cubeide/plugins/com.st.stm32cube.ide.mcu.externaltools.gnu-tools-for-stm32.10.3-2021.10.win32_1.0.0.202111181127/tools/bin/../lib/gcc/arm-none-eabi/10.3.1/../../../../arm-none-eabi/lib/thumb/v8-m.main+fp/hard\libc_nano.a(lib_a-wsetup.o)
                              c:/st/stm32cubeide_1.4.0/stm32cubeide/plugins/com.st.stm32cube.ide.mcu.externaltools.gnu-tools-for-stm32.10.3-2021.10.win32_1.0.0.202111181127/tools/bin/../lib/gcc/arm-none-eabi/10.3.1/../../../../arm-none-eabi/lib/thumb/v8-m.main+fp/hard\libc_nano.a(lib_a-puts.o) (__swsetup_r)
c:/st/stm32cubeide_1.4.0/stm32cubeide/plugins/com.st.stm32cube.ide.mcu.externaltools.gnu-tools-for-stm32.10.3-2021.10.win32_1.0.0.202111181127/tools/bin/../lib/gcc/arm-none-eabi/10.3.1/../../../../arm-none-eabi/lib/thumb/v8-m.main+fp/hard\libc_nano.a(lib_a-fflush.o)
                              c:/st/stm32cubeide_1.4.0/stm32cubeide/plugins/com.st.stm32cube.ide.mcu.externaltools.gnu-tools-for-stm32.10.3-2021.10.win32_1.0.0.202111181127/tools/bin/../lib/gcc/arm-none-eabi/10.3.1/../../../../arm-none-eabi/lib/thumb/v8-m.main+fp/hard\libc_nano.a(lib_a-wbuf.o) (_fflush_r)
c:/st/stm32cubeide_1.4.0/stm32cubeide/plugins/com.st.stm32cube.ide.mcu.externaltools.gnu-tools-for-stm32.10.3-2021.10.win32_1.0.0.202111181127/tools/bin/../lib/gcc/arm-none-eabi/10.3.1/../../../../arm-none-eabi/lib/thumb/v8-m.main+fp/hard\libc_nano.a(lib_a-findfp.o)
[...]
Memory Configuration

Name             Origin             Length             Attributes
RAM              0x0000000020000000 0x00000000000c0000 xrw
SRAM4            0x0000000028000000 0x0000000000004000 xrw
FLASH            0x0000000008000000 0x0000000000200000 xr
*default*        0x0000000000000000 0xffffffffffffffff

Linker script and memory map

LOAD c:/st/stm32cubeide_1.4.0/stm32cubeide/plugins/com.st.stm32cube.ide.mcu.externaltools.gnu-tools-for-stm32.10.3-2021.10.win32_1.0.0.202111181127/tools/bin/../lib/gcc/arm-none-eabi/10.3.1/thumb/v8-m.main+fp/hard/crti.o
LOAD c:/st/stm32cubeide_1.4.0/stm32cubeide/plugins/com.st.stm32cube.ide.mcu.externaltools.gnu-tools-for-stm32.10.3-2021.10.win32_1.0.0.202111181127/tools/bin/../lib/gcc/arm-none-eabi/10.3.1/thumb/v8-m.main+fp/hard/crtbegin.o
LOAD c:/st/stm32cubeide_1.4.0/stm32cubeide/plugins/com.st.stm32cube.ide.mcu.externaltools.gnu-tools-for-stm32.10.3-2021.10.win32_1.0.0.202111181127/tools/bin/../lib/gcc/arm-none-eabi/10.3.1/../../../../arm-none-eabi/lib/thumb/v8-m.main+fp/hard/crt0.o
LOAD ./Core/Src/ISM330DHCX.o
LOAD ./Core/Src/ISM330DHCX_Hardware.o
LOAD ./Core/Src/gpio.o
LOAD ./Core/Src/i2c.o
LOAD ./Core/Src/icache.o
LOAD ./Core/Src/main.o
LOAD ./Core/Src/stm32u5xx_hal_msp.o
LOAD ./Core/Src/stm32u5xx_it.o
LOAD ./Core/Src/syscalls.o
LOAD ./Core/Src/sysmem.o
LOAD ./Core/Src/system_stm32u5xx.o
LOAD ./Core/Src/usart.o
LOAD ./Core/Startup/startup_stm32u585aiixq.o
LOAD ./Drivers/STM32U5xx_HAL_Driver/Src/stm32u5xx_hal.o
LOAD ./Drivers/STM32U5xx_HAL_Driver/Src/stm32u5xx_hal_cortex.o
LOAD ./Drivers/STM32U5xx_HAL_Driver/Src/stm32u5xx_hal_dma.o
LOAD ./Drivers/STM32U5xx_HAL_Driver/Src/stm32u5xx_hal_dma_ex.o
LOAD ./Drivers/STM32U5xx_HAL_Driver/Src/stm32u5xx_hal_exti.o
LOAD ./Drivers/STM32U5xx_HAL_Driver/Src/stm32u5xx_hal_flash.o
LOAD ./Drivers/STM32U5xx_HAL_Driver/Src/stm32u5xx_hal_flash_ex.o
LOAD ./Drivers/STM32U5xx_HAL_Driver/Src/stm32u5xx_hal_gpio.o
LOAD ./Drivers/STM32U5xx_HAL_Driver/Src/stm32u5xx_hal_gtzc.o
LOAD ./Drivers/STM32U5xx_HAL_Driver/Src/stm32u5xx_hal_i2c.o
LOAD ./Drivers/STM32U5xx_HAL_Driver/Src/stm32u5xx_hal_i2c_ex.o
LOAD ./Drivers/STM32U5xx_HAL_Driver/Src/stm32u5xx_hal_icache.o
LOAD ./Drivers/STM32U5xx_HAL_Driver/Src/stm32u5xx_hal_pwr.o
LOAD ./Drivers/STM32U5xx_HAL_Driver/Src/stm32u5xx_hal_pwr_ex.o
LOAD ./Drivers/STM32U5xx_HAL_Driver/Src/stm32u5xx_hal_rcc.o
LOAD ./Drivers/STM32U5xx_HAL_Driver/Src/stm32u5xx_hal_rcc_ex.o
LOAD ./Drivers/STM32U5xx_HAL_Driver/Src/stm32u5xx_hal_tim.o
LOAD ./Drivers/STM32U5xx_HAL_Driver/Src/stm32u5xx_hal_tim_ex.o
LOAD ./Drivers/STM32U5xx_HAL_Driver/Src/stm32u5xx_hal_uart.o
LOAD ./Drivers/STM32U5xx_HAL_Driver/Src/stm32u5xx_hal_uart_ex.o
START GROUP
LOAD c:/st/stm32cubeide_1.4.0/stm32cubeide/plugins/com.st.stm32cube.ide.mcu.externaltools.gnu-tools-for-stm32.10.3-2021.10.win32_1.0.0.202111181127/tools/bin/../lib/gcc/arm-none-eabi/10.3.1/../../../../arm-none-eabi/lib/thumb/v8-m.main+fp/hard\libc_nano.a
LOAD c:/st/stm32cubeide_1.4.0/stm32cubeide/plugins/com.st.stm32cube.ide.mcu.externaltools.gnu-tools-for-stm32.10.3-2021.10.win32_1.0.0.202111181127/tools/bin/../lib/gcc/arm-none-eabi/10.3.1/../../../../arm-none-eabi/lib/thumb/v8-m.main+fp/hard\libm.a
END GROUP
START GROUP
LOAD c:/st/stm32cubeide_1.4.0/stm32cubeide/plugins/com.st.stm32cube.ide.mcu.externaltools.gnu-tools-for-stm32.10.3-2021.10.win32_1.0.0.202111181127/tools/bin/../lib/gcc/arm-none-eabi/10.3.1/thumb/v8-m.main+fp/hard\libgcc.a
LOAD c:/st/stm32cubeide_1.4.0/stm32cubeide/plugins/com.st.stm32cube.ide.mcu.externaltools.gnu-tools-for-stm32.10.3-2021.10.win32_1.0.0.202111181127/tools/bin/../lib/gcc/arm-none-eabi/10.3.1/../../../../arm-none-eabi/lib/thumb/v8-m.main+fp/hard\libc_nano.a
END GROUP
START GROUP
LOAD c:/st/stm32cubeide_1.4.0/stm32cubeide/plugins/com.st.stm32cube.ide.mcu.externaltools.gnu-tools-for-stm32.10.3-2021.10.win32_1.0.0.202111181127/tools/bin/../lib/gcc/arm-none-eabi/10.3.1/thumb/v8-m.main+fp/hard\libgcc.a
LOAD c:/st/stm32cubeide_1.4.0/stm32cubeide/plugins/com.st.stm32cube.ide.mcu.externaltools.gnu-tools-for-stm32.10.3-2021.10.win32_1.0.0.202111181127/tools/bin/../lib/gcc/arm-none-eabi/10.3.1/../../../../arm-none-eabi/lib/thumb/v8-m.main+fp/hard\libc_nano.a
LOAD c:/st/stm32cubeide_1.4.0/stm32cubeide/plugins/com.st.stm32cube.ide.mcu.externaltools.gnu-tools-for-stm32.10.3-2021.10.win32_1.0.0.202111181127/tools/bin/../lib/gcc/arm-none-eabi/10.3.1/../../../../arm-none-eabi/lib/thumb/v8-m.main+fp/hard\libnosys.a
END GROUP
START GROUP
LOAD c:/st/stm32cubeide_1.4.0/stm32cubeide/plugins/com.st.stm32cube.ide.mcu.externaltools.gnu-tools-for-stm32.10.3-2021.10.win32_1.0.0.202111181127/tools/bin/../lib/gcc/arm-none-eabi/10.3.1/thumb/v8-m.main+fp/hard\libgcc.a
LOAD c:/st/stm32cubeide_1.4.0/stm32cubeide/plugins/com.st.stm32cube.ide.mcu.externaltools.gnu-tools-for-stm32.10.3-2021.10.win32_1.0.0.202111181127/tools/bin/../lib/gcc/arm-none-eabi/10.3.1/../../../../arm-none-eabi/lib/thumb/v8-m.main+fp/hard\libc_nano.a
LOAD c:/st/stm32cubeide_1.4.0/stm32cubeide/plugins/com.st.stm32cube.ide.mcu.externaltools.gnu-tools-for-stm32.10.3-2021.10.win32_1.0.0.202111181127/tools/bin/../lib/gcc/arm-none-eabi/10.3.1/../../../../arm-none-eabi/lib/thumb/v8-m.main+fp/hard\libnosys.a
END GROUP
LOAD c:/st/stm32cubeide_1.4.0/stm32cubeide/plugins/com.st.stm32cube.ide.mcu.externaltools.gnu-tools-for-stm32.10.3-2021.10.win32_1.0.0.202111181127/tools/bin/../lib/gcc/arm-none-eabi/10.3.1/thumb/v8-m.main+fp/hard/crtend.o
LOAD c:/st/stm32cubeide_1.4.0/stm32cubeide/plugins/com.st.stm32cube.ide.mcu.externaltools.gnu-tools-for-stm32.10.3-2021.10.win32_1.0.0.202111181127/tools/bin/../lib/gcc/arm-none-eabi/10.3.1/thumb/v8-m.main+fp/hard/crtn.o
                0x00000000200c0000                _estack = (ORIGIN (RAM) + LENGTH (RAM))
                0x0000000000000200                _Min_Heap_Size = 0x200
                0x0000000000000400                _Min_Stack_Size = 0x400

.isr_vector     0x0000000008000000      0x234
 *(.isr_vector)
 .isr_vector    0x0000000008000000      0x234 ./Core/Startup/startup_stm32u585aiixq.o
                0x0000000008000000                g_pfnVectors

.text           0x0000000008000234     0x7c28
 *(.text)
 .text          0x0000000008000234       0x40 c:/st/stm32cubeide_1.4.0/stm32cubeide/plugins/com.st.stm32cube.ide.mcu.externaltools.gnu-tools-for-stm32.10.3-2021.10.win32_1.0.0.202111181127/tools/bin/../lib/gcc/arm-none-eabi/10.3.1/thumb/v8-m.main+fp/hard/crtbegin.o
 .text          0x0000000008000274       0x30 c:/st/stm32cubeide_1.4.0/stm32cubeide/plugins/com.st.stm32cube.ide.mcu.externaltools.gnu-tools-for-stm32.10.3-2021.10.win32_1.0.0.202111181127/tools/bin/../lib/gcc/arm-none-eabi/10.3.1/thumb/v8-m.main+fp/hard\libgcc.a(_aeabi_uldivmod.o)
                0x0000000008000274                __aeabi_uldivmod
 .text          0x00000000080002a4      0x2ec c:/st/stm32cubeide_1.4.0/stm32cubeide/plugins/com.st.stm32cube.ide.mcu.externaltools.gnu-tools-for-stm32.10.3-2021.10.win32_1.0.0.202111181127/tools/bin/../lib/gcc/arm-none-eabi/10.3.1/thumb/v8-m.main+fp/hard\libgcc.a(_udivmoddi4.o)
                0x00000000080002a4                __udivmoddi4
 .text          0x0000000008000590        0x4 c:/st/stm32cubeide_1.4.0/stm32cubeide/plugins/com.st.stm32cube.ide.mcu.externaltools.gnu-tools-for-stm32.10.3-2021.10.win32_1.0.0.202111181127/tools/bin/../lib/gcc/arm-none-eabi/10.3.1/thumb/v8-m.main+fp/hard\libgcc.a(_dvmd_tls.o)
                0x0000000008000590                __aeabi_idiv0
                0x0000000008000590                __aeabi_ldiv0
 *(.text*)
 .text.ISM330DHCX_Init
                0x0000000008000594      0x1fc ./Core/Src/ISM330DHCX.o
                0x0000000008000594                ISM330DHCX_Init
 .text.ISM330DHCX_ReadAcceleration
                0x0000000008000790       0x22 ./Core/Src/ISM330DHCX.o
                0x0000000008000790                ISM330DHCX_ReadAcceleration
 .text.ISM330DHCX_ReadAngularVelocity
                0x00000000080007b2       0x20 ./Core/Src/ISM330DHCX.o
                0x00000000080007b2                ISM330DHCX_ReadAngularVelocity
 .text.ISM330DHCX_ReadTemperature
                0x00000000080007d2       0x22 ./Core/Src/ISM330DHCX.o
                0x00000000080007d2                ISM330DHCX_ReadTemperature
 .text.__NVIC_EnableIRQ
                0x00000000080007f4       0x3c ./Core/Src/ISM330DHCX_Hardware.o
 .text.__NVIC_DisableIRQ
                0x0000000008000830       0x48 ./Core/Src/ISM330DHCX_Hardware.o
 .text.ISM330DHCX_IO_Init
                0x0000000008000878       0x16 ./Core/Src/ISM330DHCX_Hardware.o
 *fill*         0x000000000800088e        0x2 
 .text.ISM330DHCX_IO_DeInit
                0x0000000008000890       0x18 ./Core/Src/ISM330DHCX_Hardware.o
 .text.ISM330DHCX_IO_WriteReg
                0x00000000080008a8       0x48 ./Core/Src/ISM330DHCX_Hardware.o
 .text.ISM330DHCX_IO_ReadReg
                0x00000000080008f0       0x48 ./Core/Src/ISM330DHCX_Hardware.o
 .text.ISM330DHCX_IO_IOCtl
                0x0000000008000938       0x54 ./Core/Src/ISM330DHCX_Hardware.o
 .text.ISM330DHCX_IO_ReadIntPin
                0x000000000800098c       0x2c ./Core/Src/ISM330DHCX_Hardware.o
 .text.ISM330DHCX_IO_IRQEnable
                0x00000000080009b8        0xe ./Core/Src/ISM330DHCX_Hardware.o
 .text.ISM330DHCX_IO_IRQDisable
                0x00000000080009c6        0xe ./Core/Src/ISM330DHCX_Hardware.o
 .text.MX_GPIO_Init
                0x00000000080009d4       0xcc ./Core/Src/gpio.o
                0x00000000080009d4                MX_GPIO_Init
 .text.MX_I2C2_Init
                0x0000000008000aa0       0x80 ./Core/Src/i2c.o
                0x0000000008000aa0                MX_I2C2_Init
 .text.HAL_I2C_MspInit
                0x0000000008000b20       0xd0 ./Core/Src/i2c.o
                0x0000000008000b20                HAL_I2C_MspInit
 .text.MX_ICACHE_Init
                0x0000000008000bf0       0x26 ./Core/Src/icache.o
                0x0000000008000bf0                MX_ICACHE_Init
 *fill*         0x0000000008000c16        0x2 
 .text.main     0x0000000008000c18      0x174 ./Core/Src/main.o
                0x0000000008000c18                main
 .text.SystemClock_Config
                0x0000000008000d8c       0xb4 ./Core/Src/main.o
                0x0000000008000d8c                SystemClock_Config
 .text.SystemPower_Config
                0x0000000008000e40        0xc ./Core/Src/main.o
 .text.__io_putchar
                0x0000000008000e4c       0x2c ./Core/Src/main.o
                0x0000000008000e4c                __io_putchar
 .text.Error_Handler
                0x0000000008000e78        0xa ./Core/Src/main.o
                0x0000000008000e78                Error_Handler
 *fill*         0x0000000008000e82        0x2 
 .text.HAL_MspInit
                0x0000000008000e84       0x34 ./Core/Src/stm32u5xx_hal_msp.o
                0x0000000008000e84                HAL_MspInit
 .text.NMI_Handler
                0x0000000008000eb8        0x6 ./Core/Src/stm32u5xx_it.o
                0x0000000008000eb8                NMI_Handler
 .text.HardFault_Handler
                0x0000000008000ebe        0x6 ./Core/Src/stm32u5xx_it.o
                0x0000000008000ebe                HardFault_Handler
 .text.MemManage_Handler
                0x0000000008000ec4        0x6 ./Core/Src/stm32u5xx_it.o
                0x0000000008000ec4                MemManage_Handler
 .text.BusFault_Handler
                0x0000000008000eca        0x6 ./Core/Src/stm32u5xx_it.o
                0x0000000008000eca                BusFault_Handler
 .text.UsageFault_Handler
                0x0000000008000ed0        0x6 ./Core/Src/stm32u5xx_it.o
                0x0000000008000ed0                UsageFault_Handler
 .text.SVC_Handler
                0x0000000008000ed6        0xe ./Core/Src/stm32u5xx_it.o
                0x0000000008000ed6                SVC_Handler
 .text.DebugMon_Handler
                0x0000000008000ee4        0xe ./Core/Src/stm32u5xx_it.o
                0x0000000008000ee4                DebugMon_Handler
 .text.PendSV_Handler
                0x0000000008000ef2        0xe ./Core/Src/stm32u5xx_it.o
                0x0000000008000ef2                PendSV_Handler
 .text.SysTick_Handler
                0x0000000008000f00        0xc ./Core/Src/stm32u5xx_it.o
                0x0000000008000f00                SysTick_Handler
 .text.EXTI11_IRQHandler
                0x0000000008000f0c       0x10 ./Core/Src/stm32u5xx_it.o
                0x0000000008000f0c                EXTI11_IRQHandler
 .text.HAL_GPIO_EXTI_Rising_Callback
                0x0000000008000f1c       0x20 ./Core/Src/stm32u5xx_it.o
                0x0000000008000f1c                HAL_GPIO_EXTI_Rising_Callback
 .text._read    0x0000000008000f3c       0x3a ./Core/Src/syscalls.o
                0x0000000008000f3c                _read
 .text._write   0x0000000008000f76       0x38 ./Core/Src/syscalls.o
                0x0000000008000f76                _write
 .text._close   0x0000000008000fae       0x18 ./Core/Src/syscalls.o
                0x0000000008000fae                _close
 .text._fstat   0x0000000008000fc6       0x20 ./Core/Src/syscalls.o
                0x0000000008000fc6                _fstat
 .text._isatty  0x0000000008000fe6       0x16 ./Core/Src/syscalls.o
                0x0000000008000fe6                _isatty
 .text._lseek   0x0000000008000ffc       0x1a ./Core/Src/syscalls.o
                0x0000000008000ffc                _lseek
 *fill*         0x0000000008001016        0x2 
 .text._sbrk    0x0000000008001018       0x6c ./Core/Src/sysmem.o
                0x0000000008001018                _sbrk
 .text.SystemInit
                0x0000000008001084       0x70 ./Core/Src/system_stm32u5xx.o
                0x0000000008001084                SystemInit
 .text.MX_USART1_UART_Init
                0x00000000080010f4       0x98 ./Core/Src/usart.o
                0x00000000080010f4                MX_USART1_UART_Init
 .text.HAL_UART_MspInit
                0x000000000800118c       0xd0 ./Core/Src/usart.o
                0x000000000800118c                HAL_UART_MspInit
 .text.Reset_Handler
                0x000000000800125c       0x50 ./Core/Startup/startup_stm32u585aiixq.o
                0x000000000800125c                Reset_Handler
 .text.Default_Handler
                0x00000000080012ac        0x2 ./Core/Startup/startup_stm32u585aiixq.o
                0x00000000080012ac                EXTI2_IRQHandler
                0x00000000080012ac                TIM8_TRG_COM_IRQHandler
                0x00000000080012ac                TIM8_CC_IRQHandler
                0x00000000080012ac                EXTI5_IRQHandler
                0x00000000080012ac                FLASH_S_IRQHandler
                0x00000000080012ac                EXTI13_IRQHandler
                0x00000000080012ac                TIM1_CC_IRQHandler
                0x00000000080012ac                TSC_IRQHandler
                0x00000000080012ac                TAMP_IRQHandler
                0x00000000080012ac                TIM6_IRQHandler
                0x00000000080012ac                EXTI12_IRQHandler
                0x00000000080012ac                CORDIC_IRQHandler
                0x00000000080012ac                EXTI3_IRQHandler
                0x00000000080012ac                LPTIM4_IRQHandler
                0x00000000080012ac                GPDMA1_Channel5_IRQHandler
                0x00000000080012ac                EXTI8_IRQHandler
                0x00000000080012ac                LPTIM2_IRQHandler
                0x00000000080012ac                I2C3_ER_IRQHandler
                0x00000000080012ac                PWR_S3WU_IRQHandler
                0x00000000080012ac                MDF1_FLT2_IRQHandler
                0x00000000080012ac                LPDMA1_Channel3_IRQHandler
                0x00000000080012ac                LPTIM3_IRQHandler
                0x00000000080012ac                EXTI0_IRQHandler
                0x00000000080012ac                I2C2_EV_IRQHandler
                0x00000000080012ac                FPU_IRQHandler
                0x00000000080012ac                GPDMA1_Channel3_IRQHandler
                0x00000000080012ac                GPDMA1_Channel7_IRQHandler
                0x00000000080012ac                MDF1_FLT4_IRQHandler
                0x00000000080012ac                FDCAN1_IT1_IRQHandler
                0x00000000080012ac                RAMCFG_IRQHandler
                0x00000000080012ac                GPDMA1_Channel9_IRQHandler
                0x00000000080012ac                DCACHE1_IRQHandler
                0x00000000080012ac                SPI1_IRQHandler
                0x00000000080012ac                OCTOSPI1_IRQHandler
                0x00000000080012ac                GPDMA1_Channel2_IRQHandler
                0x00000000080012ac                TIM8_UP_IRQHandler
                0x00000000080012ac                RCC_S_IRQHandler
                0x00000000080012ac                OCTOSPI2_IRQHandler
                0x00000000080012ac                SAI2_IRQHandler
                0x00000000080012ac                MDF1_FLT1_IRQHandler
                0x00000000080012ac                ADC1_IRQHandler
                0x00000000080012ac                PKA_IRQHandler
                0x00000000080012ac                MDF1_FLT5_IRQHandler
                0x00000000080012ac                EXTI15_IRQHandler
                0x00000000080012ac                TIM17_IRQHandler
                0x00000000080012ac                USART3_IRQHandler
                0x00000000080012ac                RTC_IRQHandler
                0x00000000080012ac                EXTI9_IRQHandler
                0x00000000080012ac                UART5_IRQHandler
                0x00000000080012ac                TIM4_IRQHandler
                0x00000000080012ac                I2C1_EV_IRQHandler
                0x00000000080012ac                GPDMA1_Channel12_IRQHandler
                0x00000000080012ac                GPDMA1_Channel1_IRQHandler
                0x00000000080012ac                TIM16_IRQHandler
                0x00000000080012ac                GPDMA1_Channel15_IRQHandler
                0x00000000080012ac                UART4_IRQHandler
                0x00000000080012ac                SecureFault_Handler
                0x00000000080012ac                TIM3_IRQHandler
                0x00000000080012ac                RCC_IRQHandler
                0x00000000080012ac                TIM1_TRG_COM_IRQHandler
                0x00000000080012ac                Default_Handler
                0x00000000080012ac                GPDMA1_Channel8_IRQHandler
                0x00000000080012ac                FMAC_IRQHandler
                0x00000000080012ac                OTFDEC1_IRQHandler
                0x00000000080012ac                GPDMA1_Channel11_IRQHandler
                0x00000000080012ac                TIM7_IRQHandler
                0x00000000080012ac                SDMMC1_IRQHandler
                0x00000000080012ac                SAES_IRQHandler
                0x00000000080012ac                TIM5_IRQHandler
                0x00000000080012ac                UCPD1_IRQHandler
                0x00000000080012ac                GPDMA1_Channel0_IRQHandler
                0x00000000080012ac                TIM15_IRQHandler
                0x00000000080012ac                I2C3_EV_IRQHandler
                0x00000000080012ac                LPDMA1_Channel0_IRQHandler
                0x00000000080012ac                PVD_PVM_IRQHandler
                0x00000000080012ac                SPI2_IRQHandler
                0x00000000080012ac                LPDMA1_Channel1_IRQHandler
                0x00000000080012ac                EXTI14_IRQHandler
                0x00000000080012ac                OTFDEC2_IRQHandler
                0x00000000080012ac                CRS_IRQHandler
                0x00000000080012ac                GPDMA1_Channel14_IRQHandler
                0x00000000080012ac                EXTI4_IRQHandler
                0x00000000080012ac                RTC_S_IRQHandler
                0x00000000080012ac                GPDMA1_Channel13_IRQHandler
                0x00000000080012ac                RNG_IRQHandler
                0x00000000080012ac                COMP_IRQHandler
                0x00000000080012ac                TIM1_UP_IRQHandler
                0x00000000080012ac                ADC4_IRQHandler
                0x00000000080012ac                WWDG_IRQHandler
                0x00000000080012ac                I2C4_EV_IRQHandler
                0x00000000080012ac                ADF1_IRQHandler
                0x00000000080012ac                IWDG_IRQHandler
                0x00000000080012ac                LPUART1_IRQHandler
                0x00000000080012ac                MDF1_FLT0_IRQHandler
                0x00000000080012ac                FDCAN1_IT0_IRQHandler
                0x00000000080012ac                TIM2_IRQHandler
                0x00000000080012ac                GPDMA1_Channel4_IRQHandler
                0x00000000080012ac                EXTI7_IRQHandler
                0x00000000080012ac                DMA2D_IRQHandler
                0x00000000080012ac                TIM1_BRK_IRQHandler
                0x00000000080012ac                EXTI1_IRQHandler
                0x00000000080012ac                SDMMC2_IRQHandler
                0x00000000080012ac                AES_IRQHandler
                0x00000000080012ac                DAC1_IRQHandler
                0x00000000080012ac                GTZC_IRQHandler
                0x00000000080012ac                MDF1_FLT3_IRQHandler
                0x00000000080012ac                USART2_IRQHandler
                0x00000000080012ac                GPDMA1_Channel6_IRQHandler
                0x00000000080012ac                I2C2_ER_IRQHandler
                0x00000000080012ac                TIM8_BRK_IRQHandler
                0x00000000080012ac                FLASH_IRQHandler
                0x00000000080012ac                USART1_IRQHandler
                0x00000000080012ac                EXTI10_IRQHandler
                0x00000000080012ac                OTG_FS_IRQHandler
                0x00000000080012ac                SPI3_IRQHandler
                0x00000000080012ac                LPDMA1_Channel2_IRQHandler
                0x00000000080012ac                I2C1_ER_IRQHandler
                0x00000000080012ac                FMC_IRQHandler
                0x00000000080012ac                EXTI6_IRQHandler
                0x00000000080012ac                LPTIM1_IRQHandler
                0x00000000080012ac                DCMI_PSSI_IRQHandler
                0x00000000080012ac                I2C4_ER_IRQHandler
                0x00000000080012ac                GPDMA1_Channel10_IRQHandler
                0x00000000080012ac                ICACHE_IRQHandler
                0x00000000080012ac                SAI1_IRQHandler
                0x00000000080012ac                HASH_IRQHandler
 *fill*         0x00000000080012ae        0x2 
 .text.HAL_Init
                0x00000000080012b0       0x5c ./Drivers/STM32U5xx_HAL_Driver/Src/stm32u5xx_hal.o
                0x00000000080012b0                HAL_Init
 .text.HAL_InitTick
                0x000000000800130c       0x6c ./Drivers/STM32U5xx_HAL_Driver/Src/stm32u5xx_hal.o
                0x000000000800130c                HAL_InitTick
 .text.HAL_IncTick
                0x0000000008001378       0x28 ./Drivers/STM32U5xx_HAL_Driver/Src/stm32u5xx_hal.o
                0x0000000008001378                HAL_IncTick
 .text.HAL_GetTick
                0x00000000080013a0       0x18 ./Drivers/STM32U5xx_HAL_Driver/Src/stm32u5xx_hal.o
                0x00000000080013a0                HAL_GetTick
 .text.HAL_Delay
                0x00000000080013b8       0x48 ./Drivers/STM32U5xx_HAL_Driver/Src/stm32u5xx_hal.o
                0x00000000080013b8                HAL_Delay
 .text.__NVIC_SetPriorityGrouping
                0x0000000008001400       0x48 ./Drivers/STM32U5xx_HAL_Driver/Src/stm32u5xx_hal_cortex.o
 .text.__NVIC_GetPriorityGrouping
                0x0000000008001448       0x1c ./Drivers/STM32U5xx_HAL_Driver/Src/stm32u5xx_hal_cortex.o
 .text.__NVIC_EnableIRQ
                0x0000000008001464       0x3c ./Drivers/STM32U5xx_HAL_Driver/Src/stm32u5xx_hal_cortex.o
 .text.__NVIC_SetPriority
                0x00000000080014a0       0x54 ./Drivers/STM32U5xx_HAL_Driver/Src/stm32u5xx_hal_cortex.o
 .text.NVIC_EncodePriority
                0x00000000080014f4       0x66 ./Drivers/STM32U5xx_HAL_Driver/Src/stm32u5xx_hal_cortex.o
 *fill*         0x000000000800155a        0x2 
 .text.SysTick_Config
                0x000000000800155c       0x44 ./Drivers/STM32U5xx_HAL_Driver/Src/stm32u5xx_hal_cortex.o
 .text.HAL_NVIC_SetPriorityGrouping
                0x00000000080015a0       0x16 ./Drivers/STM32U5xx_HAL_Driver/Src/stm32u5xx_hal_cortex.o
                0x00000000080015a0                HAL_NVIC_SetPriorityGrouping
 .text.HAL_NVIC_SetPriority
                0x00000000080015b6       0x34 ./Drivers/STM32U5xx_HAL_Driver/Src/stm32u5xx_hal_cortex.o
                0x00000000080015b6                HAL_NVIC_SetPriority
 .text.HAL_NVIC_EnableIRQ
                0x00000000080015ea       0x1c ./Drivers/STM32U5xx_HAL_Driver/Src/stm32u5xx_hal_cortex.o
                0x00000000080015ea                HAL_NVIC_EnableIRQ
 .text.HAL_SYSTICK_Config
                0x0000000008001606       0x18 ./Drivers/STM32U5xx_HAL_Driver/Src/stm32u5xx_hal_cortex.o
                0x0000000008001606                HAL_SYSTICK_Config
 *fill*         0x000000000800161e        0x2 
 .text.HAL_GPIO_Init
                0x0000000008001620      0x3b0 ./Drivers/STM32U5xx_HAL_Driver/Src/stm32u5xx_hal_gpio.o
                0x0000000008001620                HAL_GPIO_Init
 .text.HAL_GPIO_DeInit
                0x00000000080019d0      0x1bc ./Drivers/STM32U5xx_HAL_Driver/Src/stm32u5xx_hal_gpio.o
                0x00000000080019d0                HAL_GPIO_DeInit
 .text.HAL_GPIO_ReadPin
                0x0000000008001b8c       0x30 ./Drivers/STM32U5xx_HAL_Driver/Src/stm32u5xx_hal_gpio.o
                0x0000000008001b8c                HAL_GPIO_ReadPin
 .text.HAL_GPIO_EXTI_IRQHandler
                0x0000000008001bbc       0x4c ./Drivers/STM32U5xx_HAL_Driver/Src/stm32u5xx_hal_gpio.o
                0x0000000008001bbc                HAL_GPIO_EXTI_IRQHandler
 .text.HAL_GPIO_EXTI_Falling_Callback
                0x0000000008001c08       0x16 ./Drivers/STM32U5xx_HAL_Driver/Src/stm32u5xx_hal_gpio.o
                0x0000000008001c08                HAL_GPIO_EXTI_Falling_Callback
 .text.HAL_I2C_Init
                0x0000000008001c1e      0x11e ./Drivers/STM32U5xx_HAL_Driver/Src/stm32u5xx_hal_i2c.o
                0x0000000008001c1e                HAL_I2C_Init
 .text.HAL_I2C_Mem_Write
                0x0000000008001d3c      0x228 ./Drivers/STM32U5xx_HAL_Driver/Src/stm32u5xx_hal_i2c.o
                0x0000000008001d3c                HAL_I2C_Mem_Write
 .text.HAL_I2C_Mem_Read
                0x0000000008001f64      0x234 ./Drivers/STM32U5xx_HAL_Driver/Src/stm32u5xx_hal_i2c.o
                0x0000000008001f64                HAL_I2C_Mem_Read
 .text.I2C_RequestMemoryWrite
                0x0000000008002198       0xa8 ./Drivers/STM32U5xx_HAL_Driver/Src/stm32u5xx_hal_i2c.o
 .text.I2C_RequestMemoryRead
                0x0000000008002240       0xa8 ./Drivers/STM32U5xx_HAL_Driver/Src/stm32u5xx_hal_i2c.o
 .text.I2C_Flush_TXDR
                0x00000000080022e8       0x48 ./Drivers/STM32U5xx_HAL_Driver/Src/stm32u5xx_hal_i2c.o
 .text.I2C_WaitOnFlagUntilTimeout
                0x0000000008002330       0x80 ./Drivers/STM32U5xx_HAL_Driver/Src/stm32u5xx_hal_i2c.o
 .text.I2C_WaitOnTXISFlagUntilTimeout
                0x00000000080023b0       0x80 ./Drivers/STM32U5xx_HAL_Driver/Src/stm32u5xx_hal_i2c.o
 .text.I2C_WaitOnSTOPFlagUntilTimeout
                0x0000000008002430       0x78 ./Drivers/STM32U5xx_HAL_Driver/Src/stm32u5xx_hal_i2c.o
 .text.I2C_IsErrorOccurred
                0x00000000080024a8      0x1d8 ./Drivers/STM32U5xx_HAL_Driver/Src/stm32u5xx_hal_i2c.o
 .text.I2C_TransferConfig
                0x0000000008002680       0x64 ./Drivers/STM32U5xx_HAL_Driver/Src/stm32u5xx_hal_i2c.o
 .text.HAL_I2CEx_ConfigAnalogFilter
                0x00000000080026e4       0x96 ./Drivers/STM32U5xx_HAL_Driver/Src/stm32u5xx_hal_i2c_ex.o
                0x00000000080026e4                HAL_I2CEx_ConfigAnalogFilter
 .text.HAL_I2CEx_ConfigDigitalFilter
                0x000000000800277a       0x98 ./Drivers/STM32U5xx_HAL_Driver/Src/stm32u5xx_hal_i2c_ex.o
                0x000000000800277a                HAL_I2CEx_ConfigDigitalFilter
 *fill*         0x0000000008002812        0x2 
 .text.HAL_ICACHE_ConfigAssociativityMode
                0x0000000008002814       0x40 ./Drivers/STM32U5xx_HAL_Driver/Src/stm32u5xx_hal_icache.o
                0x0000000008002814                HAL_ICACHE_ConfigAssociativityMode
 .text.HAL_ICACHE_Enable
                0x0000000008002854       0x20 ./Drivers/STM32U5xx_HAL_Driver/Src/stm32u5xx_hal_icache.o
                0x0000000008002854                HAL_ICACHE_Enable
 .text.HAL_PWREx_ControlVoltageScaling
                0x0000000008002874       0xe8 ./Drivers/STM32U5xx_HAL_Driver/Src/stm32u5xx_hal_pwr_ex.o
                0x0000000008002874                HAL_PWREx_ControlVoltageScaling
 .text.HAL_PWREx_GetVoltageRange
                0x000000000800295c       0x1c ./Drivers/STM32U5xx_HAL_Driver/Src/stm32u5xx_hal_pwr_ex.o
                0x000000000800295c                HAL_PWREx_GetVoltageRange
 .text.HAL_PWREx_DisableUCPDDeadBattery
                0x0000000008002978       0x20 ./Drivers/STM32U5xx_HAL_Driver/Src/stm32u5xx_hal_pwr_ex.o
                0x0000000008002978                HAL_PWREx_DisableUCPDDeadBattery
 .text.HAL_RCC_OscConfig
                0x0000000008002998      0xdac ./Drivers/STM32U5xx_HAL_Driver/Src/stm32u5xx_hal_rcc.o
                0x0000000008002998                HAL_RCC_OscConfig
 .text.HAL_RCC_ClockConfig
                0x0000000008003744      0x3e4 ./Drivers/STM32U5xx_HAL_Driver/Src/stm32u5xx_hal_rcc.o
                0x0000000008003744                HAL_RCC_ClockConfig
 .text.HAL_RCC_GetSysClockFreq
                0x0000000008003b28      0x210 ./Drivers/STM32U5xx_HAL_Driver/Src/stm32u5xx_hal_rcc.o
                0x0000000008003b28                HAL_RCC_GetSysClockFreq
 .text.HAL_RCC_GetHCLKFreq
                0x0000000008003d38       0x34 ./Drivers/STM32U5xx_HAL_Driver/Src/stm32u5xx_hal_rcc.o
                0x0000000008003d38                HAL_RCC_GetHCLKFreq
 .text.HAL_RCC_GetPCLK1Freq
                0x0000000008003d6c       0x28 ./Drivers/STM32U5xx_HAL_Driver/Src/stm32u5xx_hal_rcc.o
                0x0000000008003d6c                HAL_RCC_GetPCLK1Freq
 .text.HAL_RCC_GetPCLK2Freq
                0x0000000008003d94       0x28 ./Drivers/STM32U5xx_HAL_Driver/Src/stm32u5xx_hal_rcc.o
                0x0000000008003d94                HAL_RCC_GetPCLK2Freq
 .text.HAL_RCC_GetPCLK3Freq
                0x0000000008003dbc       0x28 ./Drivers/STM32U5xx_HAL_Driver/Src/stm32u5xx_hal_rcc.o
                0x0000000008003dbc                HAL_RCC_GetPCLK3Freq
 .text.RCC_SetFlashLatencyFromMSIRange
                0x0000000008003de4      0x10c ./Drivers/STM32U5xx_HAL_Driver/Src/stm32u5xx_hal_rcc.o
 .text.HAL_RCCEx_PeriphCLKConfig
                0x0000000008003ef0      0xb80 ./Drivers/STM32U5xx_HAL_Driver/Src/stm32u5xx_hal_rcc_ex.o
                0x0000000008003ef0                HAL_RCCEx_PeriphCLKConfig
 .text.HAL_RCCEx_GetPLL1ClockFreq
                0x0000000008004a70      0x2cc ./Drivers/STM32U5xx_HAL_Driver/Src/stm32u5xx_hal_rcc_ex.o
                0x0000000008004a70                HAL_RCCEx_GetPLL1ClockFreq
 .text.HAL_RCCEx_GetPLL2ClockFreq
                0x0000000008004d3c      0x2cc ./Drivers/STM32U5xx_HAL_Driver/Src/stm32u5xx_hal_rcc_ex.o
                0x0000000008004d3c                HAL_RCCEx_GetPLL2ClockFreq
 .text.HAL_RCCEx_GetPLL3ClockFreq
                0x0000000008005008      0x2cc ./Drivers/STM32U5xx_HAL_Driver/Src/stm32u5xx_hal_rcc_ex.o
                0x0000000008005008                HAL_RCCEx_GetPLL3ClockFreq
 .text.HAL_RCCEx_GetPeriphCLKFreq
                0x00000000080052d4     0x1250 ./Drivers/STM32U5xx_HAL_Driver/Src/stm32u5xx_hal_rcc_ex.o
                0x00000000080052d4                HAL_RCCEx_GetPeriphCLKFreq
 .text.RCCEx_PLL2_Config
                0x0000000008006524      0x130 ./Drivers/STM32U5xx_HAL_Driver/Src/stm32u5xx_hal_rcc_ex.o
 .text.RCCEx_PLL3_Config
                0x0000000008006654      0x130 ./Drivers/STM32U5xx_HAL_Driver/Src/stm32u5xx_hal_rcc_ex.o
 .text.HAL_UART_Init
                0x0000000008006784       0xa0 ./Drivers/STM32U5xx_HAL_Driver/Src/stm32u5xx_hal_uart.o
                0x0000000008006784                HAL_UART_Init
 .text.HAL_UART_Transmit
                0x0000000008006824      0x14a ./Drivers/STM32U5xx_HAL_Driver/Src/stm32u5xx_hal_uart.o
                0x0000000008006824                HAL_UART_Transmit
 .text.HAL_UART_Receive
                0x000000000800696e      0x1c4 ./Drivers/STM32U5xx_HAL_Driver/Src/stm32u5xx_hal_uart.o
                0x000000000800696e                HAL_UART_Receive
 *fill*         0x0000000008006b32        0x2 
 .text.UART_SetConfig
                0x0000000008006b34      0x344 ./Drivers/STM32U5xx_HAL_Driver/Src/stm32u5xx_hal_uart.o
                0x0000000008006b34                UART_SetConfig
 .text.UART_AdvFeatureConfig
                0x0000000008006e78      0x144 ./Drivers/STM32U5xx_HAL_Driver/Src/stm32u5xx_hal_uart.o
                0x0000000008006e78                UART_AdvFeatureConfig
 .text.UART_CheckIdleState
                0x0000000008006fbc       0x96 ./Drivers/STM32U5xx_HAL_Driver/Src/stm32u5xx_hal_uart.o
                0x0000000008006fbc                UART_CheckIdleState
 .text.UART_WaitOnFlagUntilTimeout
                0x0000000008007052      0x190 ./Drivers/STM32U5xx_HAL_Driver/Src/stm32u5xx_hal_uart.o
                0x0000000008007052                UART_WaitOnFlagUntilTimeout
 .text.HAL_UARTEx_DisableFifoMode
                0x00000000080071e2       0x72 ./Drivers/STM32U5xx_HAL_Driver/Src/stm32u5xx_hal_uart_ex.o
                0x00000000080071e2                HAL_UARTEx_DisableFifoMode
 .text.HAL_UARTEx_SetTxFifoThreshold
                0x0000000008007254       0x7c ./Drivers/STM32U5xx_HAL_Driver/Src/stm32u5xx_hal_uart_ex.o
                0x0000000008007254                HAL_UARTEx_SetTxFifoThreshold
 .text.HAL_UARTEx_SetRxFifoThreshold
                0x00000000080072d0       0x7c ./Drivers/STM32U5xx_HAL_Driver/Src/stm32u5xx_hal_uart_ex.o
                0x00000000080072d0                HAL_UARTEx_SetRxFifoThreshold
 .text.UARTEx_SetNbDataToProcess
                0x000000000800734c       0x9c ./Drivers/STM32U5xx_HAL_Driver/Src/stm32u5xx_hal_uart_ex.o
 .text.__errno  0x00000000080073e8        0xc c:/st/stm32cubeide_1.4.0/stm32cubeide/plugins/com.st.stm32cube.ide.mcu.externaltools.gnu-tools-for-stm32.10.3-2021.10.win32_1.0.0.202111181127/tools/bin/../lib/gcc/arm-none-eabi/10.3.1/../../../../arm-none-eabi/lib/thumb/v8-m.main+fp/hard\libc_nano.a(lib_a-errno.o)
                0x00000000080073e8                __errno
 .text.__libc_init_array
                0x00000000080073f4       0x48 c:/st/stm32cubeide_1.4.0/stm32cubeide/plugins/com.st.stm32cube.ide.mcu.externaltools.gnu-tools-for-stm32.10.3-2021.10.win32_1.0.0.202111181127/tools/bin/../lib/gcc/arm-none-eabi/10.3.1/../../../../arm-none-eabi/lib/thumb/v8-m.main+fp/hard\libc_nano.a(lib_a-init.o)
                0x00000000080073f4                __libc_init_array
 .text.memset   0x000000000800743c       0x10 c:/st/stm32cubeide_1.4.0/stm32cubeide/plugins/com.st.stm32cube.ide.mcu.externaltools.gnu-tools-for-stm32.10.3-2021.10.win32_1.0.0.202111181127/tools/bin/../lib/gcc/arm-none-eabi/10.3.1/../../../../arm-none-eabi/lib/thumb/v8-m.main+fp/hard\libc_nano.a(lib_a-memset.o)
                0x000000000800743c                memset
 .text._puts_r  0x000000000800744c       0xdc c:/st/stm32cubeide_1.4.0/stm32cubeide/plugins/com.st.stm32cube.ide.mcu.externaltools.gnu-tools-for-stm32.10.3-2021.10.win32_1.0.0.202111181127/tools/bin/../lib/gcc/arm-none-eabi/10.3.1/../../../../arm-none-eabi/lib/thumb/v8-m.main+fp/hard\libc_nano.a(lib_a-puts.o)
                0x000000000800744c                _puts_r
 .text.puts     0x0000000008007528       0x10 c:/st/stm32cubeide_1.4.0/stm32cubeide/plugins/com.st.stm32cube.ide.mcu.externaltools.gnu-tools-for-stm32.10.3-2021.10.win32_1.0.0.202111181127/tools/bin/../lib/gcc/arm-none-eabi/10.3.1/../../../../arm-none-eabi/lib/thumb/v8-m.main+fp/hard\libc_nano.a(lib_a-puts.o)
                0x0000000008007528                puts
 .text.__swbuf_r
                0x0000000008007538       0xa4 c:/st/stm32cubeide_1.4.0/stm32cubeide/plugins/com.st.stm32cube.ide.mcu.externaltools.gnu-tools-for-stm32.10.3-2021.10.win32_1.0.0.202111181127/tools/bin/../lib/gcc/arm-none-eabi/10.3.1/../../../../arm-none-eabi/lib/thumb/v8-m.main+fp/hard\libc_nano.a(lib_a-wbuf.o)
                0x0000000008007538                __swbuf_r
 .text.__swsetup_r
                0x00000000080075dc       0xdc c:/st/stm32cubeide_1.4.0/stm32cubeide/plugins/com.st.stm32cube.ide.mcu.externaltools.gnu-tools-for-stm32.10.3-2021.10.win32_1.0.0.202111181127/tools/bin/../lib/gcc/arm-none-eabi/10.3.1/../../../../arm-none-eabi/lib/thumb/v8-m.main+fp/hard\libc_nano.a(lib_a-wsetup.o)
                0x00000000080075dc                __swsetup_r
 .text.__sflush_r
                0x00000000080076b8      0x108 c:/st/stm32cubeide_1.4.0/stm32cubeide/plugins/com.st.stm32cube.ide.mcu.externaltools.gnu-tools-for-stm32.10.3-2021.10.win32_1.0.0.202111181127/tools/bin/../lib/gcc/arm-none-eabi/10.3.1/../../../../arm-none-eabi/lib/thumb/v8-m.main+fp/hard\libc_nano.a(lib_a-fflush.o)
                0x00000000080076b8                __sflush_r
 .text._fflush_r
                0x00000000080077c0       0x78 c:/st/stm32cubeide_1.4.0/stm32cubeide/plugins/com.st.stm32cube.ide.mcu.externaltools.gnu-tools-for-stm32.10.3-2021.10.win32_1.0.0.202111181127/tools/bin/../lib/gcc/arm-none-eabi/10.3.1/../../../../arm-none-eabi/lib/thumb/v8-m.main+fp/hard\libc_nano.a(lib_a-fflush.o)
                0x00000000080077c0                _fflush_r
 .text.std      0x0000000008007838       0x48 c:/st/stm32cubeide_1.4.0/stm32cubeide/plugins/com.st.stm32cube.ide.mcu.externaltools.gnu-tools-for-stm32.10.3-2021.10.win32_1.0.0.202111181127/tools/bin/../lib/gcc/arm-none-eabi/10.3.1/../../../../arm-none-eabi/lib/thumb/v8-m.main+fp/hard\libc_nano.a(lib_a-findfp.o)
 .text._cleanup_r
                0x0000000008007880        0xc c:/st/stm32cubeide_1.4.0/stm32cubeide/plugins/com.st.stm32cube.ide.mcu.externaltools.gnu-tools-for-stm32.10.3-2021.10.win32_1.0.0.202111181127/tools/bin/../lib/gcc/arm-none-eabi/10.3.1/../../../../arm-none-eabi/lib/thumb/v8-m.main+fp/hard\libc_nano.a(lib_a-findfp.o)
                0x0000000008007880                _cleanup_r
 .text.__sfmoreglue
                0x000000000800788c       0x2c c:/st/stm32cubeide_1.4.0/stm32cubeide/plugins/com.st.stm32cube.ide.mcu.externaltools.gnu-tools-for-stm32.10.3-2021.10.win32_1.0.0.202111181127/tools/bin/../lib/gcc/arm-none-eabi/10.3.1/../../../../arm-none-eabi/lib/thumb/v8-m.main+fp/hard\libc_nano.a(lib_a-findfp.o)
                0x000000000800788c                __sfmoreglue
 .text.__sfp_lock_acquire
                0x00000000080078b8        0xc c:/st/stm32cubeide_1.4.0/stm32cubeide/plugins/com.st.stm32cube.ide.mcu.externaltools.gnu-tools-for-stm32.10.3-2021.10.win32_1.0.0.202111181127/tools/bin/../lib/gcc/arm-none-eabi/10.3.1/../../../../arm-none-eabi/lib/thumb/v8-m.main+fp/hard\libc_nano.a(lib_a-findfp.o)
                0x00000000080078b8                __sfp_lock_acquire
 .text.__sfp_lock_release
                0x00000000080078c4        0xc c:/st/stm32cubeide_1.4.0/stm32cubeide/plugins/com.st.stm32cube.ide.mcu.externaltools.gnu-tools-for-stm32.10.3-2021.10.win32_1.0.0.202111181127/tools/bin/../lib/gcc/arm-none-eabi/10.3.1/../../../../arm-none-eabi/lib/thumb/v8-m.main+fp/hard\libc_nano.a(lib_a-findfp.o)
                0x00000000080078c4                __sfp_lock_release
 .text.__sinit_lock_acquire
                0x00000000080078d0        0xc c:/st/stm32cubeide_1.4.0/stm32cubeide/plugins/com.st.stm32cube.ide.mcu.externaltools.gnu-tools-for-stm32.10.3-2021.10.win32_1.0.0.202111181127/tools/bin/../lib/gcc/arm-none-eabi/10.3.1/../../../../arm-none-eabi/lib/thumb/v8-m.main+fp/hard\libc_nano.a(lib_a-findfp.o)
                0x00000000080078d0                __sinit_lock_acquire
 .text.__sinit_lock_release
                0x00000000080078dc        0xc c:/st/stm32cubeide_1.4.0/stm32cubeide/plugins/com.st.stm32cube.ide.mcu.externaltools.gnu-tools-for-stm32.10.3-2021.10.win32_1.0.0.202111181127/tools/bin/../lib/gcc/arm-none-eabi/10.3.1/../../../../arm-none-eabi/lib/thumb/v8-m.main+fp/hard\libc_nano.a(lib_a-findfp.o)
                0x00000000080078dc                __sinit_lock_release
 .text.__sinit  0x00000000080078e8       0x70 c:/st/stm32cubeide_1.4.0/stm32cubeide/plugins/com.st.stm32cube.ide.mcu.externaltools.gnu-tools-for-stm32.10.3-2021.10.win32_1.0.0.202111181127/tools/bin/../lib/gcc/arm-none-eabi/10.3.1/../../../../arm-none-eabi/lib/thumb/v8-m.main+fp/hard\libc_nano.a(lib_a-findfp.o)
                0x00000000080078e8                __sinit
 .text.__sfp    0x0000000008007958       0x8c c:/st/stm32cubeide_1.4.0/stm32cubeide/plugins/com.st.stm32cube.ide.mcu.externaltools.gnu-tools-for-stm32.10.3-2021.10.win32_1.0.0.202111181127/tools/bin/../lib/gcc/arm-none-eabi/10.3.1/../../../../arm-none-eabi/lib/thumb/v8-m.main+fp/hard\libc_nano.a(lib_a-findfp.o)
                0x0000000008007958                __sfp
 .text._fwalk_reent
                0x00000000080079e4       0x3e c:/st/stm32cubeide_1.4.0/stm32cubeide/plugins/com.st.stm32cube.ide.mcu.externaltools.gnu-tools-for-stm32.10.3-2021.10.win32_1.0.0.202111181127/tools/bin/../lib/gcc/arm-none-eabi/10.3.1/../../../../arm-none-eabi/lib/thumb/v8-m.main+fp/hard\libc_nano.a(lib_a-fwalk.o)
                0x00000000080079e4                _fwalk_reent
 .text.__retarget_lock_init_recursive
                0x0000000008007a22        0x2 c:/st/stm32cubeide_1.4.0/stm32cubeide/plugins/com.st.stm32cube.ide.mcu.externaltools.gnu-tools-for-stm32.10.3-2021.10.win32_1.0.0.202111181127/tools/bin/../lib/gcc/arm-none-eabi/10.3.1/../../../../arm-none-eabi/lib/thumb/v8-m.main+fp/hard\libc_nano.a(lib_a-lock.o)
                0x0000000008007a22                __retarget_lock_init_recursive
 .text.__retarget_lock_acquire_recursive
                0x0000000008007a24        0x2 c:/st/stm32cubeide_1.4.0/stm32cubeide/plugins/com.st.stm32cube.ide.mcu.externaltools.gnu-tools-for-stm32.10.3-2021.10.win32_1.0.0.202111181127/tools/bin/../lib/gcc/arm-none-eabi/10.3.1/../../../../arm-none-eabi/lib/thumb/v8-m.main+fp/hard\libc_nano.a(lib_a-lock.o)
                0x0000000008007a24                __retarget_lock_acquire_recursive
 .text.__retarget_lock_release_recursive
                0x0000000008007a26        0x2 c:/st/stm32cubeide_1.4.0/stm32cubeide/plugins/com.st.stm32cube.ide.mcu.externaltools.gnu-tools-for-stm32.10.3-2021.10.win32_1.0.0.202111181127/tools/bin/../lib/gcc/arm-none-eabi/10.3.1/../../../../arm-none-eabi/lib/thumb/v8-m.main+fp/hard\libc_nano.a(lib_a-lock.o)
                0x0000000008007a26                __retarget_lock_release_recursive
 .text.__swhatbuf_r
                0x0000000008007a28       0x4a c:/st/stm32cubeide_1.4.0/stm32cubeide/plugins/com.st.stm32cube.ide.mcu.externaltools.gnu-tools-for-stm32.10.3-2021.10.win32_1.0.0.202111181127/tools/bin/../lib/gcc/arm-none-eabi/10.3.1/../../../../arm-none-eabi/lib/thumb/v8-m.main+fp/hard\libc_nano.a(lib_a-makebuf.o)
                0x0000000008007a28                __swhatbuf_r
 *fill*         0x0000000008007a72        0x2 
 .text.__smakebuf_r
                0x0000000008007a74       0x80 c:/st/stm32cubeide_1.4.0/stm32cubeide/plugins/com.st.stm32cube.ide.mcu.externaltools.gnu-tools-for-stm32.10.3-2021.10.win32_1.0.0.202111181127/tools/bin/../lib/gcc/arm-none-eabi/10.3.1/../../../../arm-none-eabi/lib/thumb/v8-m.main+fp/hard\libc_nano.a(lib_a-makebuf.o)
                0x0000000008007a74                __smakebuf_r
 .text._free_r  0x0000000008007af4       0x98 c:/st/stm32cubeide_1.4.0/stm32cubeide/plugins/com.st.stm32cube.ide.mcu.externaltools.gnu-tools-for-stm32.10.3-2021.10.win32_1.0.0.202111181127/tools/bin/../lib/gcc/arm-none-eabi/10.3.1/../../../../arm-none-eabi/lib/thumb/v8-m.main+fp/hard\libc_nano.a(lib_a-nano-freer.o)
                0x0000000008007af4                _free_r
 .text.sbrk_aligned
                0x0000000008007b8c       0x40 c:/st/stm32cubeide_1.4.0/stm32cubeide/plugins/com.st.stm32cube.ide.mcu.externaltools.gnu-tools-for-stm32.10.3-2021.10.win32_1.0.0.202111181127/tools/bin/../lib/gcc/arm-none-eabi/10.3.1/../../../../arm-none-eabi/lib/thumb/v8-m.main+fp/hard\libc_nano.a(lib_a-nano-mallocr.o)
 .text._malloc_r
                0x0000000008007bcc       0xe8 c:/st/stm32cubeide_1.4.0/stm32cubeide/plugins/com.st.stm32cube.ide.mcu.externaltools.gnu-tools-for-stm32.10.3-2021.10.win32_1.0.0.202111181127/tools/bin/../lib/gcc/arm-none-eabi/10.3.1/../../../../arm-none-eabi/lib/thumb/v8-m.main+fp/hard\libc_nano.a(lib_a-nano-mallocr.o)
                0x0000000008007bcc                _malloc_r
 .text._sbrk_r  0x0000000008007cb4       0x20 c:/st/stm32cubeide_1.4.0/stm32cubeide/plugins/com.st.stm32cube.ide.mcu.externaltools.gnu-tools-for-stm32.10.3-2021.10.win32_1.0.0.202111181127/tools/bin/../lib/gcc/arm-none-eabi/10.3.1/../../../../arm-none-eabi/lib/thumb/v8-m.main+fp/hard\libc_nano.a(lib_a-sbrkr.o)
                0x0000000008007cb4                _sbrk_r
 .text.__sread  0x0000000008007cd4       0x22 c:/st/stm32cubeide_1.4.0/stm32cubeide/plugins/com.st.stm32cube.ide.mcu.externaltools.gnu-tools-for-stm32.10.3-2021.10.win32_1.0.0.202111181127/tools/bin/../lib/gcc/arm-none-eabi/10.3.1/../../../../arm-none-eabi/lib/thumb/v8-m.main+fp/hard\libc_nano.a(lib_a-stdio.o)
                0x0000000008007cd4                __sread
 .text.__swrite
                0x0000000008007cf6       0x38 c:/st/stm32cubeide_1.4.0/stm32cubeide/plugins/com.st.stm32cube.ide.mcu.externaltools.gnu-tools-for-stm32.10.3-2021.10.win32_1.0.0.202111181127/tools/bin/../lib/gcc/arm-none-eabi/10.3.1/../../../../arm-none-eabi/lib/thumb/v8-m.main+fp/hard\libc_nano.a(lib_a-stdio.o)
                0x0000000008007cf6                __swrite
 .text.__sseek  0x0000000008007d2e       0x24 c:/st/stm32cubeide_1.4.0/stm32cubeide/plugins/com.st.stm32cube.ide.mcu.externaltools.gnu-tools-for-stm32.10.3-2021.10.win32_1.0.0.202111181127/tools/bin/../lib/gcc/arm-none-eabi/10.3.1/../../../../arm-none-eabi/lib/thumb/v8-m.main+fp/hard\libc_nano.a(lib_a-stdio.o)
                0x0000000008007d2e                __sseek
 .text.__sclose
                0x0000000008007d52        0x8 c:/st/stm32cubeide_1.4.0/stm32cubeide/plugins/com.st.stm32cube.ide.mcu.externaltools.gnu-tools-for-stm32.10.3-2021.10.win32_1.0.0.202111181127/tools/bin/../lib/gcc/arm-none-eabi/10.3.1/../../../../arm-none-eabi/lib/thumb/v8-m.main+fp/hard\libc_nano.a(lib_a-stdio.o)
                0x0000000008007d52                __sclose
 *fill*         0x0000000008007d5a        0x2 
 .text._write_r
                0x0000000008007d5c       0x24 c:/st/stm32cubeide_1.4.0/stm32cubeide/plugins/com.st.stm32cube.ide.mcu.externaltools.gnu-tools-for-stm32.10.3-2021.10.win32_1.0.0.202111181127/tools/bin/../lib/gcc/arm-none-eabi/10.3.1/../../../../arm-none-eabi/lib/thumb/v8-m.main+fp/hard\libc_nano.a(lib_a-writer.o)
                0x0000000008007d5c                _write_r
 .text._close_r
                0x0000000008007d80       0x20 c:/st/stm32cubeide_1.4.0/stm32cubeide/plugins/com.st.stm32cube.ide.mcu.externaltools.gnu-tools-for-stm32.10.3-2021.10.win32_1.0.0.202111181127/tools/bin/../lib/gcc/arm-none-eabi/10.3.1/../../../../arm-none-eabi/lib/thumb/v8-m.main+fp/hard\libc_nano.a(lib_a-closer.o)
                0x0000000008007d80                _close_r
 .text._fstat_r
                0x0000000008007da0       0x24 c:/st/stm32cubeide_1.4.0/stm32cubeide/plugins/com.st.stm32cube.ide.mcu.externaltools.gnu-tools-for-stm32.10.3-2021.10.win32_1.0.0.202111181127/tools/bin/../lib/gcc/arm-none-eabi/10.3.1/../../../../arm-none-eabi/lib/thumb/v8-m.main+fp/hard\libc_nano.a(lib_a-fstatr.o)
                0x0000000008007da0                _fstat_r
 .text._isatty_r
                0x0000000008007dc4       0x20 c:/st/stm32cubeide_1.4.0/stm32cubeide/plugins/com.st.stm32cube.ide.mcu.externaltools.gnu-tools-for-stm32.10.3-2021.10.win32_1.0.0.202111181127/tools/bin/../lib/gcc/arm-none-eabi/10.3.1/../../../../arm-none-eabi/lib/thumb/v8-m.main+fp/hard\libc_nano.a(lib_a-isattyr.o)
                0x0000000008007dc4                _isatty_r
 .text._lseek_r
                0x0000000008007de4       0x24 c:/st/stm32cubeide_1.4.0/stm32cubeide/plugins/com.st.stm32cube.ide.mcu.externaltools.gnu-tools-for-stm32.10.3-2021.10.win32_1.0.0.202111181127/tools/bin/../lib/gcc/arm-none-eabi/10.3.1/../../../../arm-none-eabi/lib/thumb/v8-m.main+fp/hard\libc_nano.a(lib_a-lseekr.o)
                0x0000000008007de4                _lseek_r
 .text.__malloc_lock
                0x0000000008007e08        0xc c:/st/stm32cubeide_1.4.0/stm32cubeide/plugins/com.st.stm32cube.ide.mcu.externaltools.gnu-tools-for-stm32.10.3-2021.10.win32_1.0.0.202111181127/tools/bin/../lib/gcc/arm-none-eabi/10.3.1/../../../../arm-none-eabi/lib/thumb/v8-m.main+fp/hard\libc_nano.a(lib_a-mlock.o)
                0x0000000008007e08                __malloc_lock
 .text.__malloc_unlock
                0x0000000008007e14        0xc c:/st/stm32cubeide_1.4.0/stm32cubeide/plugins/com.st.stm32cube.ide.mcu.externaltools.gnu-tools-for-stm32.10.3-2021.10.win32_1.0.0.202111181127/tools/bin/../lib/gcc/arm-none-eabi/10.3.1/../../../../arm-none-eabi/lib/thumb/v8-m.main+fp/hard\libc_nano.a(lib_a-mlock.o)
                0x0000000008007e14                __malloc_unlock
 .text._read_r  0x0000000008007e20       0x24 c:/st/stm32cubeide_1.4.0/stm32cubeide/plugins/com.st.stm32cube.ide.mcu.externaltools.gnu-tools-for-stm32.10.3-2021.10.win32_1.0.0.202111181127/tools/bin/../lib/gcc/arm-none-eabi/10.3.1/../../../../arm-none-eabi/lib/thumb/v8-m.main+fp/hard\libc_nano.a(lib_a-readr.o)
                0x0000000008007e20                _read_r
 *(.glue_7)
 .glue_7        0x0000000008007e44        0x0 linker stubs
 *(.glue_7t)
 .glue_7t       0x0000000008007e44        0x0 linker stubs
 *(.eh_frame)
 .eh_frame      0x0000000008007e44        0x0 c:/st/stm32cubeide_1.4.0/stm32cubeide/plugins/com.st.stm32cube.ide.mcu.externaltools.gnu-tools-for-stm32.10.3-2021.10.win32_1.0.0.202111181127/tools/bin/../lib/gcc/arm-none-eabi/10.3.1/thumb/v8-m.main+fp/hard/crtbegin.o
 *(.init)
 .init          0x0000000008007e44        0x4 c:/st/stm32cubeide_1.4.0/stm32cubeide/plugins/com.st.stm32cube.ide.mcu.externaltools.gnu-tools-for-stm32.10.3-2021.10.win32_1.0.0.202111181127/tools/bin/../lib/gcc/arm-none-eabi/10.3.1/thumb/v8-m.main+fp/hard/crti.o
                0x0000000008007e44                _init
 .init          0x0000000008007e48        0x8 c:/st/stm32cubeide_1.4.0/stm32cubeide/plugins/com.st.stm32cube.ide.mcu.externaltools.gnu-tools-for-stm32.10.3-2021.10.win32_1.0.0.202111181127/tools/bin/../lib/gcc/arm-none-eabi/10.3.1/thumb/v8-m.main+fp/hard/crtn.o
 *(.fini)
 .fini          0x0000000008007e50        0x4 c:/st/stm32cubeide_1.4.0/stm32cubeide/plugins/com.st.stm32cube.ide.mcu.externaltools.gnu-tools-for-stm32.10.3-2021.10.win32_1.0.0.202111181127/tools/bin/../lib/gcc/arm-none-eabi/10.3.1/thumb/v8-m.main+fp/hard/crti.o
                0x0000000008007e50                _fini
 .fini          0x0000000008007e54        0x8 c:/st/stm32cubeide_1.4.0/stm32cubeide/plugins/com.st.stm32cube.ide.mcu.externaltools.gnu-tools-for-stm32.10.3-2021.10.win32_1.0.0.202111181127/tools/bin/../lib/gcc/arm-none-eabi/10.3.1/thumb/v8-m.main+fp/hard/crtn.o
                0x0000000008007e5c                _etext = .

.vfp11_veneer   0x0000000008007e5c        0x0
 .vfp11_veneer  0x0000000008007e5c        0x0 linker stubs

.v4_bx          0x0000000008007e5c        0x0
 .v4_bx         0x0000000008007e5c        0x0 linker stubs

.iplt           0x0000000008007e5c        0x0
 .iplt          0x0000000008007e5c        0x0 c:/st/stm32cubeide_1.4.0/stm32cubeide/plugins/com.st.stm32cube.ide.mcu.externaltools.gnu-tools-for-stm32.10.3-2021.10.win32_1.0.0.202111181127/tools/bin/../lib/gcc/arm-none-eabi/10.3.1/thumb/v8-m.main+fp/hard/crtbegin.o

.rodata         0x0000000008007e5c      0x200
 *(.rodata)
 .rodata        0x0000000008007e5c       0x93 ./Core/Src/ISM330DHCX.o
 *fill*         0x0000000008007eef        0x1 
 .rodata        0x0000000008007ef0        0x7 ./Core/Src/main.o
 *(.rodata*)
 *fill*         0x0000000008007ef7        0x1 
 .rodata.AHBPrescTable
                0x0000000008007ef8       0x10 ./Core/Src/system_stm32u5xx.o
                0x0000000008007ef8                AHBPrescTable
 .rodata.APBPrescTable
                0x0000000008007f08        0x8 ./Core/Src/system_stm32u5xx.o
                0x0000000008007f08                APBPrescTable
 .rodata.MSIRangeTable
                0x0000000008007f10       0x40 ./Core/Src/system_stm32u5xx.o
                0x0000000008007f10                MSIRangeTable
 .rodata.LPGPIO_Map
                0x0000000008007f50       0x80 ./Drivers/STM32U5xx_HAL_Driver/Src/stm32u5xx_hal_gpio.o
 .rodata.UARTPrescTable
                0x0000000008007fd0       0x18 ./Drivers/STM32U5xx_HAL_Driver/Src/stm32u5xx_hal_uart.o
                0x0000000008007fd0                UARTPrescTable
 .rodata.numerator.1
                0x0000000008007fe8        0x8 ./Drivers/STM32U5xx_HAL_Driver/Src/stm32u5xx_hal_uart_ex.o
 .rodata.denominator.0
                0x0000000008007ff0        0x8 ./Drivers/STM32U5xx_HAL_Driver/Src/stm32u5xx_hal_uart_ex.o
 .rodata._global_impure_ptr
                0x0000000008007ff8        0x4 c:/st/stm32cubeide_1.4.0/stm32cubeide/plugins/com.st.stm32cube.ide.mcu.externaltools.gnu-tools-for-stm32.10.3-2021.10.win32_1.0.0.202111181127/tools/bin/../lib/gcc/arm-none-eabi/10.3.1/../../../../arm-none-eabi/lib/thumb/v8-m.main+fp/hard\libc_nano.a(lib_a-impure.o)
                0x0000000008007ff8                _global_impure_ptr
 .rodata.__sf_fake_stderr
                0x0000000008007ffc       0x20 c:/st/stm32cubeide_1.4.0/stm32cubeide/plugins/com.st.stm32cube.ide.mcu.externaltools.gnu-tools-for-stm32.10.3-2021.10.win32_1.0.0.202111181127/tools/bin/../lib/gcc/arm-none-eabi/10.3.1/../../../../arm-none-eabi/lib/thumb/v8-m.main+fp/hard\libc_nano.a(lib_a-findfp.o)
                0x0000000008007ffc                __sf_fake_stderr
 .rodata.__sf_fake_stdin
                0x000000000800801c       0x20 c:/st/stm32cubeide_1.4.0/stm32cubeide/plugins/com.st.stm32cube.ide.mcu.externaltools.gnu-tools-for-stm32.10.3-2021.10.win32_1.0.0.202111181127/tools/bin/../lib/gcc/arm-none-eabi/10.3.1/../../../../arm-none-eabi/lib/thumb/v8-m.main+fp/hard\libc_nano.a(lib_a-findfp.o)
                0x000000000800801c                __sf_fake_stdin
 .rodata.__sf_fake_stdout
                0x000000000800803c       0x20 c:/st/stm32cubeide_1.4.0/stm32cubeide/plugins/com.st.stm32cube.ide.mcu.externaltools.gnu-tools-for-stm32.10.3-2021.10.win32_1.0.0.202111181127/tools/bin/../lib/gcc/arm-none-eabi/10.3.1/../../../../arm-none-eabi/lib/thumb/v8-m.main+fp/hard\libc_nano.a(lib_a-findfp.o)
                0x000000000800803c                __sf_fake_stdout

.ARM.extab
 *(.ARM.extab* .gnu.linkonce.armextab.*)

.ARM            0x000000000800805c        0x8
                0x000000000800805c                __exidx_start = .
 *(.ARM.exidx*)
 .ARM.exidx     0x000000000800805c        0x8 c:/st/stm32cubeide_1.4.0/stm32cubeide/plugins/com.st.stm32cube.ide.mcu.externaltools.gnu-tools-for-stm32.10.3-2021.10.win32_1.0.0.202111181127/tools/bin/../lib/gcc/arm-none-eabi/10.3.1/thumb/v8-m.main+fp/hard\libgcc.a(_udivmoddi4.o)
                0x0000000008008064                __exidx_end = .

.rel.dyn        0x0000000008008064        0x0
 .rel.iplt      0x0000000008008064        0x0 c:/st/stm32cubeide_1.4.0/stm32cubeide/plugins/com.st.stm32cube.ide.mcu.externaltools.gnu-tools-for-stm32.10.3-2021.10.win32_1.0.0.202111181127/tools/bin/../lib/gcc/arm-none-eabi/10.3.1/thumb/v8-m.main+fp/hard/crtbegin.o

.preinit_array  0x0000000008008064        0x0
                0x0000000008008064                PROVIDE (__preinit_array_start = .)
 *(.preinit_array*)
                0x0000000008008064                PROVIDE (__preinit_array_end = .)

.init_array     0x0000000008008064        0x4
                0x0000000008008064                PROVIDE (__init_array_start = .)
 *(SORT_BY_NAME(.init_array.*))
 *(.init_array*)
 .init_array    0x0000000008008064        0x4 c:/st/stm32cubeide_1.4.0/stm32cubeide/plugins/com.st.stm32cube.ide.mcu.externaltools.gnu-tools-for-stm32.10.3-2021.10.win32_1.0.0.202111181127/tools/bin/../lib/gcc/arm-none-eabi/10.3.1/thumb/v8-m.main+fp/hard/crtbegin.o
                0x0000000008008068                PROVIDE (__init_array_end = .)

.fini_array     0x0000000008008068        0x4
                [!provide]                        PROVIDE (__fini_array_start = .)
 *(SORT_BY_NAME(.fini_array.*))
 *(.fini_array*)
 .fini_array    0x0000000008008068        0x4 c:/st/stm32cubeide_1.4.0/stm32cubeide/plugins/com.st.stm32cube.ide.mcu.externaltools.gnu-tools-for-stm32.10.3-2021.10.win32_1.0.0.202111181127/tools/bin/../lib/gcc/arm-none-eabi/10.3.1/thumb/v8-m.main+fp/hard/crtbegin.o
                [!provide]                        PROVIDE (__fini_array_end = .)
                0x000000000800806c                _sidata = LOADADDR (.data)

.data           0x0000000020000000       0x84 load address 0x000000000800806c
                0x0000000020000000                _sdata = .
 *(.data)
 *(.data*)
 .data.ISM330DHCX_HardwareDrv
                0x0000000020000000       0x14 ./Core/Src/ISM330DHCX_Hardware.o
                0x0000000020000000                ISM330DHCX_HardwareDrv
 .data.SystemCoreClock
                0x0000000020000014        0x4 ./Core/Src/system_stm32u5xx.o
                0x0000000020000014                SystemCoreClock
 .data.uwTickPrio
                0x0000000020000018        0x4 ./Drivers/STM32U5xx_HAL_Driver/Src/stm32u5xx_hal.o
                0x0000000020000018                uwTickPrio
 .data.uwTickFreq
                0x000000002000001c        0x1 ./Drivers/STM32U5xx_HAL_Driver/Src/stm32u5xx_hal.o
                0x000000002000001c                uwTickFreq
 *fill*         0x000000002000001d        0x3 
 .data._impure_ptr
                0x0000000020000020        0x4 c:/st/stm32cubeide_1.4.0/stm32cubeide/plugins/com.st.stm32cube.ide.mcu.externaltools.gnu-tools-for-stm32.10.3-2021.10.win32_1.0.0.202111181127/tools/bin/../lib/gcc/arm-none-eabi/10.3.1/../../../../arm-none-eabi/lib/thumb/v8-m.main+fp/hard\libc_nano.a(lib_a-impure.o)
                0x0000000020000020                _impure_ptr
 .data.impure_data
                0x0000000020000024       0x60 c:/st/stm32cubeide_1.4.0/stm32cubeide/plugins/com.st.stm32cube.ide.mcu.externaltools.gnu-tools-for-stm32.10.3-2021.10.win32_1.0.0.202111181127/tools/bin/../lib/gcc/arm-none-eabi/10.3.1/../../../../arm-none-eabi/lib/thumb/v8-m.main+fp/hard\libc_nano.a(lib_a-impure.o)
 *(.RamFunc)
 *(.RamFunc*)
                0x0000000020000084                _edata = .

.igot.plt       0x0000000020000084        0x0 load address 0x00000000080080f0
 .igot.plt      0x0000000020000084        0x0 c:/st/stm32cubeide_1.4.0/stm32cubeide/plugins/com.st.stm32cube.ide.mcu.externaltools.gnu-tools-for-stm32.10.3-2021.10.win32_1.0.0.202111181127/tools/bin/../lib/gcc/arm-none-eabi/10.3.1/thumb/v8-m.main+fp/hard/crtbegin.o

.bss            0x0000000020000084     0xa550 load address 0x00000000080080f0
                0x0000000020000084                _sbss = .
                0x0000000020000084                __bss_start__ = _sbss
 *(.bss)
 .bss           0x0000000020000084       0x1c c:/st/stm32cubeide_1.4.0/stm32cubeide/plugins/com.st.stm32cube.ide.mcu.externaltools.gnu-tools-for-stm32.10.3-2021.10.win32_1.0.0.202111181127/tools/bin/../lib/gcc/arm-none-eabi/10.3.1/thumb/v8-m.main+fp/hard/crtbegin.o
 *(.bss*)
 .bss.hi2c2     0x00000000200000a0       0x4c ./Core/Src/i2c.o
                0x00000000200000a0                hi2c2
 .bss.IMU       0x00000000200000ec       0x30 ./Core/Src/main.o
                0x00000000200000ec                IMU
 .bss.temperature_log
                0x000000002000011c     0x1770 ./Core/Src/main.o
 .bss.Ax_log    0x000000002000188c     0x1770 ./Core/Src/main.o
 .bss.Wx_log    0x0000000020002ffc     0x1770 ./Core/Src/main.o
 .bss.Ay_log    0x000000002000476c     0x1770 ./Core/Src/main.o
 .bss.Wy_log    0x0000000020005edc     0x1770 ./Core/Src/main.o
 .bss.Az_log    0x000000002000764c     0x1770 ./Core/Src/main.o
 .bss.Wz_log    0x0000000020008dbc     0x1770 ./Core/Src/main.o
 .bss.__sbrk_heap_end
                0x000000002000a52c        0x4 ./Core/Src/sysmem.o
 .bss.huart1    0x000000002000a530       0x90 ./Core/Src/usart.o
                0x000000002000a530                huart1
 .bss.uwTick    0x000000002000a5c0        0x4 ./Drivers/STM32U5xx_HAL_Driver/Src/stm32u5xx_hal.o
                0x000000002000a5c0                uwTick
 .bss.__lock___malloc_recursive_mutex
                0x000000002000a5c4        0x1 c:/st/stm32cubeide_1.4.0/stm32cubeide/plugins/com.st.stm32cube.ide.mcu.externaltools.gnu-tools-for-stm32.10.3-2021.10.win32_1.0.0.202111181127/tools/bin/../lib/gcc/arm-none-eabi/10.3.1/../../../../arm-none-eabi/lib/thumb/v8-m.main+fp/hard\libc_nano.a(lib_a-lock.o)
                0x000000002000a5c4                __lock___malloc_recursive_mutex
 .bss.__lock___sfp_recursive_mutex
                0x000000002000a5c5        0x1 c:/st/stm32cubeide_1.4.0/stm32cubeide/plugins/com.st.stm32cube.ide.mcu.externaltools.gnu-tools-for-stm32.10.3-2021.10.win32_1.0.0.202111181127/tools/bin/../lib/gcc/arm-none-eabi/10.3.1/../../../../arm-none-eabi/lib/thumb/v8-m.main+fp/hard\libc_nano.a(lib_a-lock.o)
                0x000000002000a5c5                __lock___sfp_recursive_mutex
 .bss.__lock___sinit_recursive_mutex
                0x000000002000a5c6        0x1 c:/st/stm32cubeide_1.4.0/stm32cubeide/plugins/com.st.stm32cube.ide.mcu.externaltools.gnu-tools-for-stm32.10.3-2021.10.win32_1.0.0.202111181127/tools/bin/../lib/gcc/arm-none-eabi/10.3.1/../../../../arm-none-eabi/lib/thumb/v8-m.main+fp/hard\libc_nano.a(lib_a-lock.o)
                0x000000002000a5c6                __lock___sinit_recursive_mutex
 *fill*         0x000000002000a5c7        0x1 
 .bss.__malloc_free_list
                0x000000002000a5c8        0x4 c:/st/stm32cubeide_1.4.0/stm32cubeide/plugins/com.st.stm32cube.ide.mcu.externaltools.gnu-tools-for-stm32.10.3-2021.10.win32_1.0.0.202111181127/tools/bin/../lib/gcc/arm-none-eabi/10.3.1/../../../../arm-none-eabi/lib/thumb/v8-m.main+fp/hard\libc_nano.a(lib_a-nano-mallocr.o)
                0x000000002000a5c8                __malloc_free_list
 .bss.__malloc_sbrk_start
                0x000000002000a5cc        0x4 c:/st/stm32cubeide_1.4.0/stm32cubeide/plugins/com.st.stm32cube.ide.mcu.externaltools.gnu-tools-for-stm32.10.3-2021.10.win32_1.0.0.202111181127/tools/bin/../lib/gcc/arm-none-eabi/10.3.1/../../../../arm-none-eabi/lib/thumb/v8-m.main+fp/hard\libc_nano.a(lib_a-nano-mallocr.o)
                0x000000002000a5cc                __malloc_sbrk_start
 .bss.errno     0x000000002000a5d0        0x4 c:/st/stm32cubeide_1.4.0/stm32cubeide/plugins/com.st.stm32cube.ide.mcu.externaltools.gnu-tools-for-stm32.10.3-2021.10.win32_1.0.0.202111181127/tools/bin/../lib/gcc/arm-none-eabi/10.3.1/../../../../arm-none-eabi/lib/thumb/v8-m.main+fp/hard\libc_nano.a(lib_a-reent.o)
                0x000000002000a5d0                errno
 *(COMMON)
                0x000000002000a5d4                _ebss = .
                0x000000002000a5d4                __bss_end__ = _ebss

._user_heap_stack
                0x000000002000a5d4      0x604 load address 0x00000000080080f0
                0x000000002000a5d8                . = ALIGN (0x8)
 *fill*         0x000000002000a5d4        0x4 
                [!provide]                        PROVIDE (end = .)
                0x000000002000a5d8                PROVIDE (_end = .)
                0x000000002000a7d8                . = (. + _Min_Heap_Size)
 *fill*         0x000000002000a5d8      0x200 
                0x000000002000abd8                . = (. + _Min_Stack_Size)
 *fill*         0x000000002000a7d8      0x400 
                0x000000002000abd8                . = ALIGN (0x8)

/DISCARD/
 libc.a(*)
 libm.a(*)
 libgcc.a(*)

.ARM.attributes
                0x0000000000000000       0x36
 *(.ARM.attributes)
 .ARM.attributes
                0x0000000000000000       0x22 c:/st/stm32cubeide_1.4.0/stm32cubeide/plugins/com.st.stm32cube.ide.mcu.externaltools.gnu-tools-for-stm32.10.3-2021.10.win32_1.0.0.202111181127/tools/bin/../lib/gcc/arm-none-eabi/10.3.1/thumb/v8-m.main+fp/hard/crti.o
 .ARM.attributes
                0x0000000000000022       0x38 c:/st/stm32cubeide_1.4.0/stm32cubeide/plugins/com.st.stm32cube.ide.mcu.externaltools.gnu-tools-for-stm32.10.3-2021.10.win32_1.0.0.202111181127/tools/bin/../lib/gcc/arm-none-eabi/10.3.1/thumb/v8-m.main+fp/hard/crtbegin.o
 .ARM.attributes
                0x000000000000005a       0x3a ./Core/Src/ISM330DHCX.o
 .ARM.attributes
                0x0000000000000094       0x3a ./Core/Src/ISM330DHCX_Hardware.o
 .ARM.attributes
                0x00000000000000ce       0x3a ./Core/Src/gpio.o
 .ARM.attributes
                0x0000000000000108       0x3a ./Core/Src/i2c.o
 .ARM.attributes
                0x0000000000000142       0x3a ./Core/Src/icache.o
 .ARM.attributes
                0x000000000000017c       0x3a ./Core/Src/main.o
 .ARM.attributes
                0x00000000000001b6       0x3a ./Core/Src/stm32u5xx_hal_msp.o
 .ARM.attributes
                0x00000000000001f0       0x3a ./Core/Src/stm32u5xx_it.o
 .ARM.attributes
                0x000000000000022a       0x3a ./Core/Src/syscalls.o
 .ARM.attributes
                0x0000000000000264       0x3a ./Core/Src/sysmem.o
 .ARM.attributes
                0x000000000000029e       0x3a ./Core/Src/system_stm32u5xx.o
 .ARM.attributes
                0x00000000000002d8       0x3a ./Core/Src/usart.o
 .ARM.attributes
                0x0000000000000312       0x24 ./Core/Startup/startup_stm32u585aiixq.o
 .ARM.attributes
                0x0000000000000336       0x3a ./Drivers/STM32U5xx_HAL_Driver/Src/stm32u5xx_hal.o
 .ARM.attributes
                0x0000000000000370       0x3a ./Drivers/STM32U5xx_HAL_Driver/Src/stm32u5xx_hal_cortex.o
 .ARM.attributes
                0x00000000000003aa       0x3a ./Drivers/STM32U5xx_HAL_Driver/Src/stm32u5xx_hal_gpio.o
 .ARM.attributes
                0x00000000000003e4       0x3a ./Drivers/STM32U5xx_HAL_Driver/Src/stm32u5xx_hal_i2c.o
 .ARM.attributes
                0x000000000000041e       0x3a ./Drivers/STM32U5xx_HAL_Driver/Src/stm32u5xx_hal_i2c_ex.o
 .ARM.attributes
                0x0000000000000458       0x3a ./Drivers/STM32U5xx_HAL_Driver/Src/stm32u5xx_hal_icache.o
 .ARM.attributes
                0x0000000000000492       0x3a ./Drivers/STM32U5xx_HAL_Driver/Src/stm32u5xx_hal_pwr_ex.o
 .ARM.attributes
                0x00000000000004cc       0x3a ./Drivers/STM32U5xx_HAL_Driver/Src/stm32u5xx_hal_rcc.o
 .ARM.attributes
                0x0000000000000506       0x3a ./Drivers/STM32U5xx_HAL_Driver/Src/stm32u5xx_hal_rcc_ex.o
 .ARM.attributes
                0x0000000000000540       0x3a ./Drivers/STM32U5xx_HAL_Driver/Src/stm32u5xx_hal_uart.o
 .ARM.attributes
                0x000000000000057a       0x3a ./Drivers/STM32U5xx_HAL_Driver/Src/stm32u5xx_hal_uart_ex.o
 .ARM.attributes
                0x00000000000005b4       0x38 c:/st/stm32cubeide_1.4.0/stm32cubeide/plugins/com.st.stm32cube.ide.mcu.externaltools.gnu-tools-for-stm32.10.3-2021.10.win32_1.0.0.202111181127/tools/bin/../lib/gcc/arm-none-eabi/10.3.1/../../../../arm-none-eabi/lib/thumb/v8-m.main+fp/hard\libc_nano.a(lib_a-errno.o)
 .ARM.attributes
                0x00000000000005ec       0x38 c:/st/stm32cubeide_1.4.0/stm32cubeide/plugins/com.st.stm32cube.ide.mcu.externaltools.gnu-tools-for-stm32.10.3-2021.10.win32_1.0.0.202111181127/tools/bin/../lib/gcc/arm-none-eabi/10.3.1/../../../../arm-none-eabi/lib/thumb/v8-m.main+fp/hard\libc_nano.a(lib_a-impure.o)
 .ARM.attributes
                0x0000000000000624       0x38 c:/st/stm32cubeide_1.4.0/stm32cubeide/plugins/com.st.stm32cube.ide.mcu.externaltools.gnu-tools-for-stm32.10.3-2021.10.win32_1.0.0.202111181127/tools/bin/../lib/gcc/arm-none-eabi/10.3.1/../../../../arm-none-eabi/lib/thumb/v8-m.main+fp/hard\libc_nano.a(lib_a-init.o)
 .ARM.attributes
                0x000000000000065c       0x38 c:/st/stm32cubeide_1.4.0/stm32cubeide/plugins/com.st.stm32cube.ide.mcu.externaltools.gnu-tools-for-stm32.10.3-2021.10.win32_1.0.0.202111181127/tools/bin/../lib/gcc/arm-none-eabi/10.3.1/../../../../arm-none-eabi/lib/thumb/v8-m.main+fp/hard\libc_nano.a(lib_a-memset.o)
 .ARM.attributes
                0x0000000000000694       0x38 c:/st/stm32cubeide_1.4.0/stm32cubeide/plugins/com.st.stm32cube.ide.mcu.externaltools.gnu-tools-for-stm32.10.3-2021.10.win32_1.0.0.202111181127/tools/bin/../lib/gcc/arm-none-eabi/10.3.1/../../../../arm-none-eabi/lib/thumb/v8-m.main+fp/hard\libc_nano.a(lib_a-puts.o)
 .ARM.attributes
                0x00000000000006cc       0x38 c:/st/stm32cubeide_1.4.0/stm32cubeide/plugins/com.st.stm32cube.ide.mcu.externaltools.gnu-tools-for-stm32.10.3-2021.10.win32_1.0.0.202111181127/tools/bin/../lib/gcc/arm-none-eabi/10.3.1/../../../../arm-none-eabi/lib/thumb/v8-m.main+fp/hard\libc_nano.a(lib_a-wbuf.o)
 .ARM.attributes
                0x0000000000000704       0x38 c:/st/stm32cubeide_1.4.0/stm32cubeide/plugins/com.st.stm32cube.ide.mcu.externaltools.gnu-tools-for-stm32.10.3-2021.10.win32_1.0.0.202111181127/tools/bin/../lib/gcc/arm-none-eabi/10.3.1/../../../../arm-none-eabi/lib/thumb/v8-m.main+fp/hard\libc_nano.a(lib_a-wsetup.o)
 .ARM.attributes
                0x000000000000073c       0x38 c:/st/stm32cubeide_1.4.0/stm32cubeide/plugins/com.st.stm32cube.ide.mcu.externaltools.gnu-tools-for-stm32.10.3-2021.10.win32_1.0.0.202111181127/tools/bin/../lib/gcc/arm-none-eabi/10.3.1/../../../../arm-none-eabi/lib/thumb/v8-m.main+fp/hard\libc_nano.a(lib_a-fflush.o)
 .ARM.attributes
                0x0000000000000774       0x38 c:/st/stm32cubeide_1.4.0/stm32cubeide/plugins/com.st.stm32cube.ide.mcu.externaltools.gnu-tools-for-stm32.10.3-2021.10.win32_1.0.0.202111181127/tools/bin/../lib/gcc/arm-none-eabi/10.3.1/../../../../arm-none-eabi/lib/thumb/v8-m.main+fp/hard\libc_nano.a(lib_a-findfp.o)
 .ARM.attributes
                0x00000000000007ac       0x38 c:/st/stm32cubeide_1.4.0/stm32cubeide/plugins/com.st.stm32cube.ide.mcu.externaltools.gnu-tools-for-stm32.10.3-2021.10.win32_1.0.0.202111181127/tools/bin/../lib/gcc/arm-none-eabi/10.3.1/../../../../arm-none-eabi/lib/thumb/v8-m.main+fp/hard\libc_nano.a(lib_a-fwalk.o)
 .ARM.attributes
                0x00000000000007e4       0x38 c:/st/stm32cubeide_1.4.0/stm32cubeide/plugins/com.st.stm32cube.ide.mcu.externaltools.gnu-tools-for-stm32.10.3-2021.10.win32_1.0.0.202111181127/tools/bin/../lib/gcc/arm-none-eabi/10.3.1/../../../../arm-none-eabi/lib/thumb/v8-m.main+fp/hard\libc_nano.a(lib_a-lock.o)
 .ARM.attributes
                0x000000000000081c       0x38 c:/st/stm32cubeide_1.4.0/stm32cubeide/plugins/com.st.stm32cube.ide.mcu.externaltools.gnu-tools-for-stm32.10.3-2021.10.win32_1.0.0.202111181127/tools/bin/../lib/gcc/arm-none-eabi/10.3.1/../../../../arm-none-eabi/lib/thumb/v8-m.main+fp/hard\libc_nano.a(lib_a-makebuf.o)
 .ARM.attributes
                0x0000000000000854       0x38 c:/st/stm32cubeide_1.4.0/stm32cubeide/plugins/com.st.stm32cube.ide.mcu.externaltools.gnu-tools-for-stm32.10.3-2021.10.win32_1.0.0.202111181127/tools/bin/../lib/gcc/arm-none-eabi/10.3.1/../../../../arm-none-eabi/lib/thumb/v8-m.main+fp/hard\libc_nano.a(lib_a-nano-freer.o)
 .ARM.attributes
                0x000000000000088c       0x38 c:/st/stm32cubeide_1.4.0/stm32cubeide/plugins/com.st.stm32cube.ide.mcu.externaltools.gnu-tools-for-stm32.10.3-2021.10.win32_1.0.0.202111181127/tools/bin/../lib/gcc/arm-none-eabi/10.3.1/../../../../arm-none-eabi/lib/thumb/v8-m.main+fp/hard\libc_nano.a(lib_a-nano-mallocr.o)
 .ARM.attributes
                0x00000000000008c4       0x38 c:/st/stm32cubeide_1.4.0/stm32cubeide/plugins/com.st.stm32cube.ide.mcu.externaltools.gnu-tools-for-stm32.10.3-2021.10.win32_1.0.0.202111181127/tools/bin/../lib/gcc/arm-none-eabi/10.3.1/../../../../arm-none-eabi/lib/thumb/v8-m.main+fp/hard\libc_nano.a(lib_a-sbrkr.o)
 .ARM.attributes
                0x00000000000008fc       0x38 c:/st/stm32cubeide_1.4.0/stm32cubeide/plugins/com.st.stm32cube.ide.mcu.externaltools.gnu-tools-for-stm32.10.3-2021.10.win32_1.0.0.202111181127/tools/bin/../lib/gcc/arm-none-eabi/10.3.1/../../../../arm-none-eabi/lib/thumb/v8-m.main+fp/hard\libc_nano.a(lib_a-stdio.o)
 .ARM.attributes
                0x0000000000000934       0x38 c:/st/stm32cubeide_1.4.0/stm32cubeide/plugins/com.st.stm32cube.ide.mcu.externaltools.gnu-tools-for-stm32.10.3-2021.10.win32_1.0.0.202111181127/tools/bin/../lib/gcc/arm-none-eabi/10.3.1/../../../../arm-none-eabi/lib/thumb/v8-m.main+fp/hard\libc_nano.a(lib_a-writer.o)
 .ARM.attributes
                0x000000000000096c       0x38 c:/st/stm32cubeide_1.4.0/stm32cubeide/plugins/com.st.stm32cube.ide.mcu.externaltools.gnu-tools-for-stm32.10.3-2021.10.win32_1.0.0.202111181127/tools/bin/../lib/gcc/arm-none-eabi/10.3.1/../../../../arm-none-eabi/lib/thumb/v8-m.main+fp/hard\libc_nano.a(lib_a-closer.o)
 .ARM.attributes
                0x00000000000009a4       0x38 c:/st/stm32cubeide_1.4.0/stm32cubeide/plugins/com.st.stm32cube.ide.mcu.externaltools.gnu-tools-for-stm32.10.3-2021.10.win32_1.0.0.202111181127/tools/bin/../lib/gcc/arm-none-eabi/10.3.1/../../../../arm-none-eabi/lib/thumb/v8-m.main+fp/hard\libc_nano.a(lib_a-fstatr.o)
 .ARM.attributes
                0x00000000000009dc       0x38 c:/st/stm32cubeide_1.4.0/stm32cubeide/plugins/com.st.stm32cube.ide.mcu.externaltools.gnu-tools-for-stm32.10.3-2021.10.win32_1.0.0.202111181127/tools/bin/../lib/gcc/arm-none-eabi/10.3.1/../../../../arm-none-eabi/lib/thumb/v8-m.main+fp/hard\libc_nano.a(lib_a-isattyr.o)
 .ARM.attributes
                0x0000000000000a14       0x38 c:/st/stm32cubeide_1.4.0/stm32cubeide/plugins/com.st.stm32cube.ide.mcu.externaltools.gnu-tools-for-stm32.10.3-2021.10.win32_1.0.0.202111181127/tools/bin/../lib/gcc/arm-none-eabi/10.3.1/../../../../arm-none-eabi/lib/thumb/v8-m.main+fp/hard\libc_nano.a(lib_a-lseekr.o)
 .ARM.attributes
                0x0000000000000a4c       0x38 c:/st/stm32cubeide_1.4.0/stm32cubeide/plugins/com.st.stm32cube.ide.mcu.externaltools.gnu-tools-for-stm32.10.3-2021.10.win32_1.0.0.202111181127/tools/bin/../lib/gcc/arm-none-eabi/10.3.1/../../../../arm-none-eabi/lib/thumb/v8-m.main+fp/hard\libc_nano.a(lib_a-mlock.o)
 .ARM.attributes
                0x0000000000000a84       0x38 c:/st/stm32cubeide_1.4.0/stm32cubeide/plugins/com.st.stm32cube.ide.mcu.externaltools.gnu-tools-for-stm32.10.3-2021.10.win32_1.0.0.202111181127/tools/bin/../lib/gcc/arm-none-eabi/10.3.1/../../../../arm-none-eabi/lib/thumb/v8-m.main+fp/hard\libc_nano.a(lib_a-readr.o)
 .ARM.attributes
                0x0000000000000abc       0x38 c:/st/stm32cubeide_1.4.0/stm32cubeide/plugins/com.st.stm32cube.ide.mcu.externaltools.gnu-tools-for-stm32.10.3-2021.10.win32_1.0.0.202111181127/tools/bin/../lib/gcc/arm-none-eabi/10.3.1/../../../../arm-none-eabi/lib/thumb/v8-m.main+fp/hard\libc_nano.a(lib_a-reent.o)
 .ARM.attributes
                0x0000000000000af4       0x22 c:/st/stm32cubeide_1.4.0/stm32cubeide/plugins/com.st.stm32cube.ide.mcu.externaltools.gnu-tools-for-stm32.10.3-2021.10.win32_1.0.0.202111181127/tools/bin/../lib/gcc/arm-none-eabi/10.3.1/thumb/v8-m.main+fp/hard\libgcc.a(_aeabi_uldivmod.o)
 .ARM.attributes
                0x0000000000000b16       0x38 c:/st/stm32cubeide_1.4.0/stm32cubeide/plugins/com.st.stm32cube.ide.mcu.externaltools.gnu-tools-for-stm32.10.3-2021.10.win32_1.0.0.202111181127/tools/bin/../lib/gcc/arm-none-eabi/10.3.1/thumb/v8-m.main+fp/hard\libgcc.a(_udivmoddi4.o)
 .ARM.attributes
                0x0000000000000b4e       0x22 c:/st/stm32cubeide_1.4.0/stm32cubeide/plugins/com.st.stm32cube.ide.mcu.externaltools.gnu-tools-for-stm32.10.3-2021.10.win32_1.0.0.202111181127/tools/bin/../lib/gcc/arm-none-eabi/10.3.1/thumb/v8-m.main+fp/hard\libgcc.a(_dvmd_tls.o)
 .ARM.attributes
                0x0000000000000b70       0x22 c:/st/stm32cubeide_1.4.0/stm32cubeide/plugins/com.st.stm32cube.ide.mcu.externaltools.gnu-tools-for-stm32.10.3-2021.10.win32_1.0.0.202111181127/tools/bin/../lib/gcc/arm-none-eabi/10.3.1/thumb/v8-m.main+fp/hard/crtn.o
OUTPUT(ISM330DHCX_Driver.elf elf32-littlearm)
LOAD linker stubs
LOAD c:/st/stm32cubeide_1.4.0/stm32cubeide/plugins/com.st.stm32cube.ide.mcu.externaltools.gnu-tools-for-stm32.10.3-2021.10.win32_1.0.0.202111181127/tools/bin/../lib/gcc/arm-none-eabi/10.3.1/../../../../arm-none-eabi/lib/thumb/v8-m.main+fp/hard\libc.a
LOAD c:/st/stm32cubeide_1.4.0/stm32cubeide/plugins/com.st.stm32cube.ide.mcu.externaltools.gnu-tools-for-stm32.10.3-2021.10.win32_1.0.0.202111181127/tools/bin/../lib/gcc/arm-none-eabi/10.3.1/../../../../arm-none-eabi/lib/thumb/v8-m.main+fp/hard\libm.a
LOAD c:/st/stm32cubeide_1.4.0/stm32cubeide/plugins/com.st.stm32cube.ide.mcu.externaltools.gnu-tools-for-stm32.10.3-2021.10.win32_1.0.0.202111181127/tools/bin/../lib/gcc/arm-none-eabi/10.3.1/thumb/v8-m.main+fp/hard\libgcc.a

.debug_info     0x0000000000000000    0x1624a
 .debug_info    0x0000000000000000      0x671 ./Core/Src/ISM330DHCX.o
 .debug_info    0x0000000000000671     0x119d ./Core/Src/ISM330DHCX_Hardware.o
 .debug_info    0x000000000000180e      0x9d9 ./Core/Src/gpio.o
 .debug_info    0x00000000000021e7     0x11a6 ./Core/Src/i2c.o
 .debug_info    0x000000000000338d      0x113 ./Core/Src/icache.o
 .debug_info    0x00000000000034a0     0x11d7 ./Core/Src/main.o
 .debug_info    0x0000000000004677      0x48d ./Core/Src/stm32u5xx_hal_msp.o
 .debug_info    0x0000000000004b04      0x35b ./Core/Src/stm32u5xx_it.o
 .debug_info    0x0000000000004e5f      0x6e0 ./Core/Src/syscalls.o
 .debug_info    0x000000000000553f      0x171 ./Core/Src/sysmem.o
 .debug_info    0x00000000000056b0      0x8f2 ./Core/Src/system_stm32u5xx.o
 .debug_info    0x0000000000005fa2     0x1253 ./Core/Src/usart.o
 .debug_info    0x00000000000071f5       0x22 ./Core/Startup/startup_stm32u585aiixq.o
 .debug_info    0x0000000000007217     0x11d3 ./Drivers/STM32U5xx_HAL_Driver/Src/stm32u5xx_hal.o
 .debug_info    0x00000000000083ea     0x15d7 ./Drivers/STM32U5xx_HAL_Driver/Src/stm32u5xx_hal_cortex.o
 .debug_info    0x00000000000099c1      0x880 ./Drivers/STM32U5xx_HAL_Driver/Src/stm32u5xx_hal_gpio.o
 .debug_info    0x000000000000a241     0x246e ./Drivers/STM32U5xx_HAL_Driver/Src/stm32u5xx_hal_i2c.o
 .debug_info    0x000000000000c6af      0xa5b ./Drivers/STM32U5xx_HAL_Driver/Src/stm32u5xx_hal_i2c_ex.o
 .debug_info    0x000000000000d10a      0x592 ./Drivers/STM32U5xx_HAL_Driver/Src/stm32u5xx_hal_icache.o
 .debug_info    0x000000000000d69c      0xe83 ./Drivers/STM32U5xx_HAL_Driver/Src/stm32u5xx_hal_pwr_ex.o
 .debug_info    0x000000000000e51f     0x1392 ./Drivers/STM32U5xx_HAL_Driver/Src/stm32u5xx_hal_rcc.o
 .debug_info    0x000000000000f8b1     0x163d ./Drivers/STM32U5xx_HAL_Driver/Src/stm32u5xx_hal_rcc_ex.o
 .debug_info    0x0000000000010eee     0x4112 ./Drivers/STM32U5xx_HAL_Driver/Src/stm32u5xx_hal_uart.o
 .debug_info    0x0000000000015000     0x124a ./Drivers/STM32U5xx_HAL_Driver/Src/stm32u5xx_hal_uart_ex.o

.debug_abbrev   0x0000000000000000     0x2d69
 .debug_abbrev  0x0000000000000000      0x11a ./Core/Src/ISM330DHCX.o
 .debug_abbrev  0x000000000000011a      0x287 ./Core/Src/ISM330DHCX_Hardware.o
 .debug_abbrev  0x00000000000003a1      0x18b ./Core/Src/gpio.o
 .debug_abbrev  0x000000000000052c      0x229 ./Core/Src/i2c.o
 .debug_abbrev  0x0000000000000755       0xb8 ./Core/Src/icache.o
 .debug_abbrev  0x000000000000080d      0x279 ./Core/Src/main.o
 .debug_abbrev  0x0000000000000a86       0xda ./Core/Src/stm32u5xx_hal_msp.o
 .debug_abbrev  0x0000000000000b60      0x14d ./Core/Src/stm32u5xx_it.o
 .debug_abbrev  0x0000000000000cad      0x1b3 ./Core/Src/syscalls.o
 .debug_abbrev  0x0000000000000e60       0xbb ./Core/Src/sysmem.o
 .debug_abbrev  0x0000000000000f1b      0x127 ./Core/Src/system_stm32u5xx.o
 .debug_abbrev  0x0000000000001042      0x207 ./Core/Src/usart.o
 .debug_abbrev  0x0000000000001249       0x12 ./Core/Startup/startup_stm32u585aiixq.o
 .debug_abbrev  0x000000000000125b      0x285 ./Drivers/STM32U5xx_HAL_Driver/Src/stm32u5xx_hal.o
 .debug_abbrev  0x00000000000014e0      0x303 ./Drivers/STM32U5xx_HAL_Driver/Src/stm32u5xx_hal_cortex.o
 .debug_abbrev  0x00000000000017e3      0x246 ./Drivers/STM32U5xx_HAL_Driver/Src/stm32u5xx_hal_gpio.o
 .debug_abbrev  0x0000000000001a29      0x25c ./Drivers/STM32U5xx_HAL_Driver/Src/stm32u5xx_hal_i2c.o
 .debug_abbrev  0x0000000000001c85      0x1a9 ./Drivers/STM32U5xx_HAL_Driver/Src/stm32u5xx_hal_i2c_ex.o
 .debug_abbrev  0x0000000000001e2e      0x22f ./Drivers/STM32U5xx_HAL_Driver/Src/stm32u5xx_hal_icache.o
 .debug_abbrev  0x000000000000205d      0x20d ./Drivers/STM32U5xx_HAL_Driver/Src/stm32u5xx_hal_pwr_ex.o
 .debug_abbrev  0x000000000000226a      0x2b9 ./Drivers/STM32U5xx_HAL_Driver/Src/stm32u5xx_hal_rcc.o
 .debug_abbrev  0x0000000000002523      0x299 ./Drivers/STM32U5xx_HAL_Driver/Src/stm32u5xx_hal_rcc_ex.o
 .debug_abbrev  0x00000000000027bc      0x2f0 ./Drivers/STM32U5xx_HAL_Driver/Src/stm32u5xx_hal_uart.o
 .debug_abbrev  0x0000000000002aac      0x2bd ./Drivers/STM32U5xx_HAL_Driver/Src/stm32u5xx_hal_uart_ex.o

.debug_aranges  0x0000000000000000     0x1070
 .debug_aranges
                0x0000000000000000       0x58 ./Core/Src/ISM330DHCX.o
 .debug_aranges
                0x0000000000000058       0x68 ./Core/Src/ISM330DHCX_Hardware.o
 .debug_aranges
                0x00000000000000c0       0x20 ./Core/Src/gpio.o
 .debug_aranges
                0x00000000000000e0       0x30 ./Core/Src/i2c.o
 .debug_aranges
                0x0000000000000110       0x20 ./Core/Src/icache.o
 .debug_aranges
                0x0000000000000130       0x40 ./Core/Src/main.o
 .debug_aranges
                0x0000000000000170       0x20 ./Core/Src/stm32u5xx_hal_msp.o
 .debug_aranges
                0x0000000000000190       0x70 ./Core/Src/stm32u5xx_it.o
 .debug_aranges
                0x0000000000000200       0xa8 ./Core/Src/syscalls.o
 .debug_aranges
                0x00000000000002a8       0x20 ./Core/Src/sysmem.o
 .debug_aranges
                0x00000000000002c8       0x28 ./Core/Src/system_stm32u5xx.o
 .debug_aranges
                0x00000000000002f0       0x30 ./Core/Src/usart.o
 .debug_aranges
                0x0000000000000320       0x28 ./Core/Startup/startup_stm32u585aiixq.o
 .debug_aranges
                0x0000000000000348      0x120 ./Drivers/STM32U5xx_HAL_Driver/Src/stm32u5xx_hal.o
 .debug_aranges
                0x0000000000000468      0x130 ./Drivers/STM32U5xx_HAL_Driver/Src/stm32u5xx_hal_cortex.o
 .debug_aranges
                0x0000000000000598       0x70 ./Drivers/STM32U5xx_HAL_Driver/Src/stm32u5xx_hal_gpio.o
 .debug_aranges
                0x0000000000000608      0x290 ./Drivers/STM32U5xx_HAL_Driver/Src/stm32u5xx_hal_i2c.o
 .debug_aranges
                0x0000000000000898       0x58 ./Drivers/STM32U5xx_HAL_Driver/Src/stm32u5xx_hal_i2c_ex.o
 .debug_aranges
                0x00000000000008f0       0xa8 ./Drivers/STM32U5xx_HAL_Driver/Src/stm32u5xx_hal_icache.o
 .debug_aranges
                0x0000000000000998      0x200 ./Drivers/STM32U5xx_HAL_Driver/Src/stm32u5xx_hal_pwr_ex.o
 .debug_aranges
                0x0000000000000b98       0xa8 ./Drivers/STM32U5xx_HAL_Driver/Src/stm32u5xx_hal_rcc.o
 .debug_aranges
                0x0000000000000c40      0x138 ./Drivers/STM32U5xx_HAL_Driver/Src/stm32u5xx_hal_rcc_ex.o
 .debug_aranges
                0x0000000000000d78      0x248 ./Drivers/STM32U5xx_HAL_Driver/Src/stm32u5xx_hal_uart.o
 .debug_aranges
                0x0000000000000fc0       0xb0 ./Drivers/STM32U5xx_HAL_Driver/Src/stm32u5xx_hal_uart_ex.o

.debug_ranges   0x0000000000000000      0xf28
 .debug_ranges  0x0000000000000000       0x48 ./Core/Src/ISM330DHCX.o
 .debug_ranges  0x0000000000000048       0x58 ./Core/Src/ISM330DHCX_Hardware.o
 .debug_ranges  0x00000000000000a0       0x10 ./Core/Src/gpio.o
 .debug_ranges  0x00000000000000b0       0x20 ./Core/Src/i2c.o
 .debug_ranges  0x00000000000000d0       0x10 ./Core/Src/icache.o
 .debug_ranges  0x00000000000000e0       0x30 ./Core/Src/main.o
 .debug_ranges  0x0000000000000110       0x10 ./Core/Src/stm32u5xx_hal_msp.o
 .debug_ranges  0x0000000000000120       0x60 ./Core/Src/stm32u5xx_it.o
 .debug_ranges  0x0000000000000180       0x98 ./Core/Src/syscalls.o
 .debug_ranges  0x0000000000000218       0x10 ./Core/Src/sysmem.o
 .debug_ranges  0x0000000000000228       0x18 ./Core/Src/system_stm32u5xx.o
 .debug_ranges  0x0000000000000240       0x20 ./Core/Src/usart.o
 .debug_ranges  0x0000000000000260       0x20 ./Core/Startup/startup_stm32u585aiixq.o
 .debug_ranges  0x0000000000000280      0x110 ./Drivers/STM32U5xx_HAL_Driver/Src/stm32u5xx_hal.o
 .debug_ranges  0x0000000000000390      0x120 ./Drivers/STM32U5xx_HAL_Driver/Src/stm32u5xx_hal_cortex.o
 .debug_ranges  0x00000000000004b0       0x60 ./Drivers/STM32U5xx_HAL_Driver/Src/stm32u5xx_hal_gpio.o
 .debug_ranges  0x0000000000000510      0x280 ./Drivers/STM32U5xx_HAL_Driver/Src/stm32u5xx_hal_i2c.o
 .debug_ranges  0x0000000000000790       0x48 ./Drivers/STM32U5xx_HAL_Driver/Src/stm32u5xx_hal_i2c_ex.o
 .debug_ranges  0x00000000000007d8       0x98 ./Drivers/STM32U5xx_HAL_Driver/Src/stm32u5xx_hal_icache.o
 .debug_ranges  0x0000000000000870      0x1f0 ./Drivers/STM32U5xx_HAL_Driver/Src/stm32u5xx_hal_pwr_ex.o
 .debug_ranges  0x0000000000000a60       0x98 ./Drivers/STM32U5xx_HAL_Driver/Src/stm32u5xx_hal_rcc.o
 .debug_ranges  0x0000000000000af8      0x128 ./Drivers/STM32U5xx_HAL_Driver/Src/stm32u5xx_hal_rcc_ex.o
 .debug_ranges  0x0000000000000c20      0x268 ./Drivers/STM32U5xx_HAL_Driver/Src/stm32u5xx_hal_uart.o
 .debug_ranges  0x0000000000000e88       0xa0 ./Drivers/STM32U5xx_HAL_Driver/Src/stm32u5xx_hal_uart_ex.o

.debug_macro    0x0000000000000000    0x3460c
 .debug_macro   0x0000000000000000      0x1e4 ./Core/Src/ISM330DHCX.o
 .debug_macro   0x00000000000001e4      0xa7e ./Core/Src/ISM330DHCX.o
 .debug_macro   0x0000000000000c62       0x22 ./Core/Src/ISM330DHCX.o
 .debug_macro   0x0000000000000c84       0x8e ./Core/Src/ISM330DHCX.o
 .debug_macro   0x0000000000000d12       0x51 ./Core/Src/ISM330DHCX.o
 .debug_macro   0x0000000000000d63      0x103 ./Core/Src/ISM330DHCX.o
 .debug_macro   0x0000000000000e66       0x6a ./Core/Src/ISM330DHCX.o
 .debug_macro   0x0000000000000ed0      0x1df ./Core/Src/ISM330DHCX.o
 .debug_macro   0x00000000000010af      0x22d ./Core/Src/ISM330DHCX.o
 .debug_macro   0x00000000000012dc       0x52 ./Core/Src/ISM330DHCX.o
 .debug_macro   0x000000000000132e       0x1e ./Core/Src/ISM330DHCX.o
 .debug_macro   0x000000000000134c       0x3c ./Core/Src/ISM330DHCX.o
 .debug_macro   0x0000000000001388       0x34 ./Core/Src/ISM330DHCX.o
 .debug_macro   0x00000000000013bc       0x16 ./Core/Src/ISM330DHCX.o
 .debug_macro   0x00000000000013d2       0x97 ./Core/Src/ISM330DHCX.o
 .debug_macro   0x0000000000001469      0x341 ./Core/Src/ISM330DHCX.o
 .debug_macro   0x00000000000017aa       0xfd ./Core/Src/ISM330DHCX.o
 .debug_macro   0x00000000000018a7       0x10 ./Core/Src/ISM330DHCX.o
 .debug_macro   0x00000000000018b7       0x16 ./Core/Src/ISM330DHCX.o
 .debug_macro   0x00000000000018cd       0x43 ./Core/Src/ISM330DHCX.o
 .debug_macro   0x0000000000001910       0x34 ./Core/Src/ISM330DHCX.o
 .debug_macro   0x0000000000001944       0x10 ./Core/Src/ISM330DHCX.o
 .debug_macro   0x0000000000001954       0x58 ./Core/Src/ISM330DHCX.o
 .debug_macro   0x00000000000019ac       0x71 ./Core/Src/ISM330DHCX.o
 .debug_macro   0x0000000000001a1d       0x1c ./Core/Src/ISM330DHCX.o
 .debug_macro   0x0000000000001a39      0x12a ./Core/Src/ISM330DHCX.o
 .debug_macro   0x0000000000001b63       0x10 ./Core/Src/ISM330DHCX.o
 .debug_macro   0x0000000000001b73       0x1c ./Core/Src/ISM330DHCX.o
 .debug_macro   0x0000000000001b8f       0x52 ./Core/Src/ISM330DHCX.o
 .debug_macro   0x0000000000001be1       0x22 ./Core/Src/ISM330DHCX.o
 .debug_macro   0x0000000000001c03       0x10 ./Core/Src/ISM330DHCX.o
 .debug_macro   0x0000000000001c13       0x52 ./Core/Src/ISM330DHCX.o
 .debug_macro   0x0000000000001c65       0xd5 ./Core/Src/ISM330DHCX.o
 .debug_macro   0x0000000000001d3a       0x1c ./Core/Src/ISM330DHCX.o
 .debug_macro   0x0000000000001d56       0x3d ./Core/Src/ISM330DHCX.o
 .debug_macro   0x0000000000001d93       0x16 ./Core/Src/ISM330DHCX.o
 .debug_macro   0x0000000000001da9      0x145 ./Core/Src/ISM330DHCX.o
 .debug_macro   0x0000000000001eee      0x2a9 ./Core/Src/ISM330DHCX_Hardware.o
 .debug_macro   0x0000000000002197      0x1df ./Core/Src/ISM330DHCX_Hardware.o
 .debug_macro   0x0000000000002376       0x2e ./Core/Src/ISM330DHCX_Hardware.o
 .debug_macro   0x00000000000023a4       0x42 ./Core/Src/ISM330DHCX_Hardware.o
 .debug_macro   0x00000000000023e6       0x1c ./Core/Src/ISM330DHCX_Hardware.o
 .debug_macro   0x0000000000002402       0x29 ./Core/Src/ISM330DHCX_Hardware.o
 .debug_macro   0x000000000000242b       0xfb ./Core/Src/ISM330DHCX_Hardware.o
 .debug_macro   0x0000000000002526     0x1336 ./Core/Src/ISM330DHCX_Hardware.o
 .debug_macro   0x000000000000385c       0x5e ./Core/Src/ISM330DHCX_Hardware.o
 .debug_macro   0x00000000000038ba    0x2389c ./Core/Src/ISM330DHCX_Hardware.o
 .debug_macro   0x0000000000027156       0x6d ./Core/Src/ISM330DHCX_Hardware.o
 .debug_macro   0x00000000000271c3     0x3794 ./Core/Src/ISM330DHCX_Hardware.o
 .debug_macro   0x000000000002a957      0x174 ./Core/Src/ISM330DHCX_Hardware.o
 .debug_macro   0x000000000002aacb      0x19b ./Core/Src/ISM330DHCX_Hardware.o
 .debug_macro   0x000000000002ac66       0x5d ./Core/Src/ISM330DHCX_Hardware.o
 .debug_macro   0x000000000002acc3     0x1bef ./Core/Src/ISM330DHCX_Hardware.o
 .debug_macro   0x000000000002c8b2      0x7ff ./Core/Src/ISM330DHCX_Hardware.o
 .debug_macro   0x000000000002d0b1      0x158 ./Core/Src/ISM330DHCX_Hardware.o
 .debug_macro   0x000000000002d209      0x2aa ./Core/Src/ISM330DHCX_Hardware.o
 .debug_macro   0x000000000002d4b3       0xc8 ./Core/Src/ISM330DHCX_Hardware.o
 .debug_macro   0x000000000002d57b      0x5a5 ./Core/Src/ISM330DHCX_Hardware.o
 .debug_macro   0x000000000002db20      0x432 ./Core/Src/ISM330DHCX_Hardware.o
 .debug_macro   0x000000000002df52       0xd6 ./Core/Src/ISM330DHCX_Hardware.o
 .debug_macro   0x000000000002e028      0x1cd ./Core/Src/ISM330DHCX_Hardware.o
 .debug_macro   0x000000000002e1f5      0x432 ./Core/Src/ISM330DHCX_Hardware.o
 .debug_macro   0x000000000002e627       0x95 ./Core/Src/ISM330DHCX_Hardware.o
 .debug_macro   0x000000000002e6bc      0x11c ./Core/Src/ISM330DHCX_Hardware.o
 .debug_macro   0x000000000002e7d8      0x23a ./Core/Src/ISM330DHCX_Hardware.o
 .debug_macro   0x000000000002ea12      0x11c ./Core/Src/ISM330DHCX_Hardware.o
 .debug_macro   0x000000000002eb2e       0xa5 ./Core/Src/ISM330DHCX_Hardware.o
 .debug_macro   0x000000000002ebd3      0x517 ./Core/Src/ISM330DHCX_Hardware.o
 .debug_macro   0x000000000002f0ea      0x4d4 ./Core/Src/ISM330DHCX_Hardware.o
 .debug_macro   0x000000000002f5be      0x662 ./Core/Src/ISM330DHCX_Hardware.o
 .debug_macro   0x000000000002fc20      0x1a1 ./Core/Src/ISM330DHCX_Hardware.o
 .debug_macro   0x000000000002fdc1      0x1b7 ./Core/Src/ISM330DHCX_Hardware.o
 .debug_macro   0x000000000002ff78      0x361 ./Core/Src/ISM330DHCX_Hardware.o
 .debug_macro   0x00000000000302d9       0x4c ./Core/Src/ISM330DHCX_Hardware.o
 .debug_macro   0x0000000000030325      0x295 ./Core/Src/gpio.o
 .debug_macro   0x00000000000305ba       0x46 ./Core/Src/gpio.o
 .debug_macro   0x0000000000030600      0x295 ./Core/Src/i2c.o
 .debug_macro   0x0000000000030895      0x295 ./Core/Src/icache.o
 .debug_macro   0x0000000000030b2a      0x391 ./Core/Src/main.o
 .debug_macro   0x0000000000030ebb       0x1c ./Core/Src/main.o
 .debug_macro   0x0000000000030ed7       0x35 ./Core/Src/main.o
 .debug_macro   0x0000000000030f0c      0x28b ./Core/Src/stm32u5xx_hal_msp.o
 .debug_macro   0x0000000000031197      0x2ae ./Core/Src/stm32u5xx_it.o
 .debug_macro   0x0000000000031445      0x24c ./Core/Src/syscalls.o
 .debug_macro   0x0000000000031691       0x4c ./Core/Src/syscalls.o
 .debug_macro   0x00000000000316dd       0x94 ./Core/Src/syscalls.o
 .debug_macro   0x0000000000031771       0x57 ./Core/Src/syscalls.o
 .debug_macro   0x00000000000317c8       0x10 ./Core/Src/syscalls.o
 .debug_macro   0x00000000000317d8       0x10 ./Core/Src/syscalls.o
 .debug_macro   0x00000000000317e8       0x10 ./Core/Src/syscalls.o
 .debug_macro   0x00000000000317f8       0x35 ./Core/Src/syscalls.o
 .debug_macro   0x000000000003182d      0x12c ./Core/Src/syscalls.o
 .debug_macro   0x0000000000031959       0x16 ./Core/Src/syscalls.o
 .debug_macro   0x000000000003196f       0x16 ./Core/Src/syscalls.o
 .debug_macro   0x0000000000031985       0x29 ./Core/Src/syscalls.o
 .debug_macro   0x00000000000319ae       0x10 ./Core/Src/syscalls.o
 .debug_macro   0x00000000000319be      0x241 ./Core/Src/syscalls.o
 .debug_macro   0x0000000000031bff       0x10 ./Core/Src/syscalls.o
 .debug_macro   0x0000000000031c0f      0x189 ./Core/Src/syscalls.o
 .debug_macro   0x0000000000031d98       0x16 ./Core/Src/syscalls.o
 .debug_macro   0x0000000000031dae       0xce ./Core/Src/syscalls.o
 .debug_macro   0x0000000000031e7c       0xff ./Core/Src/sysmem.o
 .debug_macro   0x0000000000031f7b      0x23b ./Core/Src/sysmem.o
 .debug_macro   0x00000000000321b6      0x283 ./Core/Src/system_stm32u5xx.o
 .debug_macro   0x0000000000032439      0x295 ./Core/Src/usart.o
 .debug_macro   0x00000000000326ce      0x2a0 ./Drivers/STM32U5xx_HAL_Driver/Src/stm32u5xx_hal.o
 .debug_macro   0x000000000003296e      0x27c ./Drivers/STM32U5xx_HAL_Driver/Src/stm32u5xx_hal_cortex.o
 .debug_macro   0x0000000000032bea      0x2ae ./Drivers/STM32U5xx_HAL_Driver/Src/stm32u5xx_hal_gpio.o
 .debug_macro   0x0000000000032e98      0x348 ./Drivers/STM32U5xx_HAL_Driver/Src/stm32u5xx_hal_i2c.o
 .debug_macro   0x00000000000331e0      0x27c ./Drivers/STM32U5xx_HAL_Driver/Src/stm32u5xx_hal_i2c_ex.o
 .debug_macro   0x000000000003345c      0x2ac ./Drivers/STM32U5xx_HAL_Driver/Src/stm32u5xx_hal_icache.o