../Drivers/CMSIS/Include/core_cm33.h:2127:22:__NVIC_EnableIRQ	16	static,ignoring_inline_asm
../Drivers/CMSIS/Include/core_cm33.h:2165:22:__NVIC_DisableIRQ	16	static,ignoring_inline_asm
../Core/Src/ISM330DHCX_Hardware.c:27:13:ISM330DHCX_IO_Init	8	static
../Core/Src/ISM330DHCX_Hardware.c:33:13:ISM330DHCX_IO_DeInit	8	static
../Core/Src/ISM330DHCX_Hardware.c:38:28:ISM330DHCX_IO_WriteReg	32	static
../Core/Src/ISM330DHCX_Hardware.c:45:28:ISM330DHCX_IO_ReadReg	32	static
../Core/Src/ISM330DHCX_Hardware.c:52:16:ISM330DHCX_IO_IOCtl	24	static
../Core/Src/ISM330DHCX_Hardware.c:80:16:ISM330DHCX_IO_ReadIntPin	16	static
../Core/Src/ISM330DHCX_Hardware.c:88:13:ISM330DHCX_IO_IRQEnable	8	static
../Core/Src/ISM330DHCX_Hardware.c:92:13:ISM330DHCX_IO_IRQDisable	8	static
